                 0                1                  2      3     4              5               6                  7                8                 9                10
0            qvalue           svalue             pvalue     TP    FP             TN              FN                FDR              FNR              sens           cutoff
1               0.0  0.0022304833401  7.28306304154e-14    1.0   0.0  27.4041450777   358.595854922  2.48837994481e-12   0.929041206837  0.00278089968589    7.22470378876
2  0.00999999977648              1.0     0.117941431701  360.0   3.0  24.4041450777  -0.40414507772   0.00890533812344              0.0               1.0    1.67986810207
3    0.019999999553              1.0     0.242241606116  360.0   7.0  20.4041450777  -0.40414507772     0.018090903759              0.0               1.0     1.0448975563
4   0.0500000007451              1.0     0.686355412006  359.0  19.0  8.40414507772   0.59585492228    0.0497359000146  0.0258009582758    0.998342987234  -0.363087415695
5     0.10000000149              1.0     0.962249279022  361.0  26.0  1.40414507772  -1.40414507772    0.0681385472417              0.0               1.0   -1.58573198318
6     0.20000000298              NaN                NaN    NaN   NaN            NaN             NaN                NaN              NaN               NaN              NaN
7    0.300000011921              NaN                NaN    NaN   NaN            NaN             NaN                NaN              NaN               NaN              NaN
8     0.40000000596              NaN                NaN    NaN   NaN            NaN             NaN                NaN              NaN               NaN              NaN
9               0.5              NaN                NaN    NaN   NaN            NaN             NaN                NaN              NaN               NaN              NaN
                0       1               2      3     4              5               6                7                 8               9                10
0           qvalue  svalue          pvalue     TP    FP             TN              FN              FDR               FNR            sens           cutoff
1  0.0681385472417     1.0  0.962249279022  361.0  26.0  1.40414507772  -1.40414507772  0.0681385472417               0.0             1.0   -2.02625370026
2  0.0681385472417     1.0  0.962249279022  361.0  26.0  1.40414507772  -1.40414507772  0.0681385472417               0.0             1.0   -1.83242416382
3  0.0681385472417     1.0  0.962249279022  361.0  26.0  1.40414507772  -1.40414507772  0.0681385472417               0.0             1.0   -1.63859462738
4  0.0681385472417     1.0  0.962249279022  361.0  26.0  1.40414507772  -1.40414507772  0.0681385472417               0.0             1.0   -1.44476509094
5  0.0679288357496     1.0  0.957299530506  360.0  26.0  1.40414507772  -0.40414507772  0.0679288357496               0.0             1.0    -1.2509354353
6  0.0610772445798     1.0  0.854045271873  360.0  23.0  4.40414507772  -0.40414507772  0.0611096955836  0.00264257704839             1.0   -1.05710589886
7  0.0580131188035     1.0  0.809070765972  360.0  22.0  5.40414507772  -0.40414507772  0.0580131188035               0.0             1.0   -0.86327624321
8  0.0550636425614     1.0  0.763907313347  359.0  21.0  6.40414507772   0.59585492228  0.0550636425614   0.0510000698268  0.998342987234  -0.669446706772
9  0.0541973598301     1.0  0.750078678131  358.0  21.0  6.40414507772   1.59585492228  0.0542384944856    0.146102204919  0.995562087548  -0.475617080927
...
                   0                1                  2      3    4              5              6                  7               8                 9              10
42  1.30287125533e-09   0.311152428389  5.31952792926e-09  112.0  0.0  27.4041450777  247.595854922  1.30287125533e-09  0.900388717651    0.311460764819  5.92075920105
43  7.30672522486e-10   0.238661706448   2.2979342873e-09   86.0  0.0  27.4041450777  273.595854922  7.33764049521e-10  0.909010231495    0.239157372986  6.11458873749
44  2.59888111032e-10   0.150557622313  5.13437514726e-10   54.0  0.0  27.4041450777  305.595854922  2.59888111032e-10  0.917670667171    0.150168583038  6.30841827393
45  1.07541170413e-10   0.100371748209  1.41639588946e-10   36.0  0.0  27.4041450777  323.595854922  1.07541170413e-10  0.921904742718    0.100112388692   6.5022482872
46  4.70016491005e-11  0.0501858741045  3.13288284204e-11   18.0  0.0  27.4041450777  341.595854922  4.75734070193e-11  0.925724625587    0.050056194346  6.69607782364
47  3.14423487247e-11  0.0356877334416  1.47242218418e-11   13.0  0.0  27.4041450777  346.595854922  3.14423487247e-11  0.926759541035   0.0361516959165  6.88990736008
48  8.68656969272e-12  0.0133828995749  1.56163970644e-12    5.0  0.0  27.4041450777  354.595854922  8.89267045417e-12  0.928296625614   0.0139044984294  7.08373689651
49  2.48837994481e-12  0.0022304833401  7.28306304154e-14    1.0  0.0  27.4041450777  358.595854922  2.48837994481e-12  0.929041206837  0.00278089968589  7.27756643295
50  2.48837994481e-12  0.0022304833401  7.28306304154e-14    1.0  0.0  27.4041450777  358.595854922  2.48837994481e-12  0.929041206837  0.00278089968589  7.47139596939
51  2.48837994481e-12  0.0022304833401  7.28306304154e-14    1.0  0.0  27.4041450777  358.595854922  2.48837994481e-12  0.929041206837  0.00278089968589  7.66522550583
         0         1         2         3         4         5         6         7         8         9     ...           41        42        43        44        45        46        47        48        49        50
0 -2.026254 -1.832424 -1.638595 -1.444765 -1.250935 -1.057106 -0.863276 -0.669447 -0.475617 -0.281788    ...     5.920759  6.114589  6.308418  6.502248  6.696078  6.889907  7.083737  7.277566  7.471396  7.665226

[1 rows x 51 columns]
    0    1    2    3    4    5    6    7    8    9    ...           41        42        43        44        45        46        47       48       49       50
0  1.0  1.0  1.0  1.0  1.0  1.0  1.0  1.0  1.0  1.0   ...     0.311152  0.238662  0.150558  0.100372  0.050186  0.035688  0.013383  0.00223  0.00223  0.00223

[1 rows x 51 columns]
         0         1         2         3         4         5         6         7         8         9       ...                 41            42            43            44            45            46            47  \
0  0.068139  0.068139  0.068139  0.068139  0.067929  0.061077  0.058013  0.055064  0.054197  0.046554      ...       1.302871e-09  7.306725e-10  2.598881e-10  1.075412e-10  4.700165e-11  3.144235e-11  8.686570e-12

             48            49            50
0  2.488380e-12  2.488380e-12  2.488380e-12

[1 rows x 51 columns]
       0         1         2         3         4        5         6         7         8         9      ...          377       378       379       380       381       382       383       384       385       386
0  5.50869  4.766003  4.248959  5.561705  5.273554  5.58179  6.118019  3.043664  6.459825  4.759176    ...     6.160937  4.082398  5.483152  5.730392  5.586233 -1.059943  5.416876  5.901189  6.668849  5.789939

[1 rows x 387 columns]
        0         1         2         3         4         5         6        7         8         9      ...          377      378       379       380       381       382       383       384       385       386
0  0.817348  2.051535 -0.005753  0.297511  0.007239 -1.437819 -0.367768  1.16451  1.192095  0.197512    ...    -2.231404  0.22299 -0.087768 -0.406222  0.089297 -0.082859 -1.469323 -0.200505  0.204298  1.270099

[1 rows x 387 columns]
                    0       1      2                               3                  4                            5                    6                              7                          8                 9   \
0  transition_group_id  run_id  decoy  main_var_xx_swath_prelim_score  var_bseries_score  var_elution_model_fit_score  var_intensity_score  var_isotope_correlation_score  var_isotope_overlap_score  var_library_corr
1             459_run0       0      0                   5.27893972397                5.0               0.993098139763       0.930480718613                 0.998724222183                        0.0    0.912406027317
2             459_run0       0      0                 -0.139743745327                0.0                0.95392459631       0.025931738317                 0.632511079311                        0.0   -0.285526961088
3             459_run0       0      0                 -0.775042831898                0.0               0.666666269302    0.000442357035354                 0.657922804356                        0.0    0.376474231482
4             459_run0       0      0                  -1.05454516411                0.0               0.847340285778    0.000903946987819                 0.798435628414             0.255319148302    0.518721699715
5             459_run0       0      0                   -1.2461669445                0.0                         -1.0    0.000423124118242                 0.563846647739            0.0454545468092     0.44590601325
6             459_run0       0      0                  -1.27951622009                1.0               0.931647360325     0.00561216427013               -0.0419896692038            0.0997258424759  -0.0976738482714
7             459_run0       0      0                  -1.81518745422                0.0               0.933585524559    0.000480822869577                 0.104774966836             0.159999996424   -0.630423009396
8             460_run0       0      0                   4.90480709076                0.0                0.99161696434       0.929647684097                 0.998396873474                        0.0    0.757169246674
9             460_run0       0      0                   1.00012874603                0.0               0.836714565754     0.00222462695092                 0.762015521526             0.380021721125    0.956728160381

        ...                                 13                 14                   15                            16               17                        18                 19               20                 21  \
0       ...         var_massdev_score_weighted  var_norm_rt_score  var_xcorr_coelution  var_xcorr_coelution_weighted  var_xcorr_shape  var_xcorr_shape_weighted  var_yseries_score          d_score            m_score
1       ...                         3.88453722   0.00229200161994                  0.0                           0.0   0.960350096226            0.970979332924                6.0    5.50868988037  1.09357003453e-08
2       ...                      21.2036914825    0.0106788063422        1.39668107033                0.859180450439   0.789175331593            0.716396868229                0.0   -1.30364465714    0.0679288357496
3       ...                      8.32724094391    0.0601135715842        2.38678574562                 1.97001683712   0.119047619402           0.0149915833026                0.0   -4.72917842865    0.0681385472417
4       ...                      17.4562129974    0.0199906025082        4.39320087433                 2.78930139542   0.329194873571            0.330811828375                0.0   -2.79115200043    0.0681385472417
5       ...                      17.1255264282    0.0515379831195                  1.0                           1.0              0.0                       0.0                0.0    -1.3000651598    0.0679288357496
6       ...                       19.456949234    0.0178070310503        2.20848894119                 1.49086546898   0.711876213551            0.685971021652                1.0   -3.12633061409    0.0681385472417
7       ...                      32.4461708069    0.0801405757666        1.39696335793                0.799699962139   0.761807382107            0.743328869343                0.0   -3.98068499565    0.0681385472417
8       ...                      4.43108940125   0.00229200161994        2.17321324348                 1.00181055069   0.895313978195            0.867887735367                5.0    4.76600265503  3.51661810782e-07
9       ...                      11.4620332718    0.0289670880884        3.54384803772                 1.31714642048   0.666435360909             0.63669270277                0.0  -0.359799444675    0.0497359000146

                22
0  peak_group_rank
1                1
2                3
3                7
4                4
5                2
6                5
7                6
8                1
9                2

[10 rows x 23 columns]
...
                  0  1  2                3    4               5                  6                7                8                 9  ...             13               14             15              16  \
9156  DECOY_592_run0  0  1  -0.909754216671  0.0  0.823102891445    0.0126013215631  -0.147306606174   0.229729726911    0.778375387192 ...  14.9782152176   0.069779984653  3.94538545609    2.0061507225
9157  DECOY_592_run0  0  1  -0.956865429878  0.0            -1.0   0.00238403375261   0.266941606998              0.0  -0.0969535559416 ...   7.5795340538  0.0516274161637            1.0             1.0
9158  DECOY_592_run0  0  1   -1.52418398857  0.0            -1.0  0.000170288127265  -0.583329737186              0.0  -0.0585549734533 ...  2.60456085205  0.0397187881172            1.0             1.0
9159  DECOY_592_run0  0  1   -1.68998205662  0.0  0.895950257778   0.00854846369475   0.546651482582   0.601593613625   -0.189017876983 ...  24.8541946411  0.0642507001758  2.06934952736   1.14626073837
9160  DECOY_592_run0  0  1   -1.69213461876  0.0  0.958494961262   0.00630066078156  -0.328751832247   0.189189195633   -0.482215851545 ...  16.6718044281   0.029836660251  1.28809094429  0.791833281517
9161  DECOY_592_run0  0  1   -1.84945464134  0.0  0.633835911751   0.00561950821429   0.371593952179              0.0   -0.371771335602 ...  21.7415885925  0.0184768736362  2.61135268211   2.02039933205
9162  DECOY_592_run0  0  1   -2.10957121849  0.0  0.906453490257   0.00527893193066   0.223762482405  0.0645161271095   -0.255514621735 ...   32.355556488  0.0846078470349  1.07777571678  0.598394989967
9163  DECOY_592_run0  0  1   -2.31560969353  0.0  0.905198872089   0.00289489817806   0.137664824724              0.0    0.876978933811 ...  36.0611343384  0.0714744403958  3.43237662315   2.17985391617
9164  DECOY_592_run0  0  1   -2.53264045715  0.0  0.980351805687    0.0066412370652  0.0745622888207   0.205128207803    0.216855913401 ...  35.9228134155  0.0786710381508  1.87132799625  0.908604383469
9165  DECOY_592_run0  0  1   -3.44062876701  0.0            -1.0   0.00102172873449  0.0339463911951   0.333333343267   0.0837371945381 ...  26.1339435577  0.0644738227129            1.0             1.0

                  17              18   19               20               21  22
9156  0.604014635086  0.541176140308  2.0    -3.0585565567  0.0681385472417  10
9157             0.0             0.0  0.0  -0.542050778866  0.0541973598301   2
9158             0.0             0.0  0.0   -4.28670549393  0.0681385472417  16
9159  0.785186886787  0.764795958996  0.0   -3.64450979233  0.0681385472417  13
9160  0.803144335747  0.768010675907  0.0   -2.68344449997  0.0681385472417   7
9161  0.555972695351  0.330880641937  0.0   -2.83036255836  0.0681385472417   9
9162  0.893420875072  0.890335679054  0.0   -2.75949048996  0.0681385472417   8
9163   0.53992921114  0.447666138411  0.0   -4.25948238373  0.0681385472417  15
9164  0.736385762691  0.708796441555  0.0   -4.12553596497  0.0681385472417  14
9165             0.0             0.0  0.0   -3.57327675819  0.0681385472417  12

[10 rows x 23 columns]
                    0       1      2                               3                  4                            5                    6                              7                          8                 9   \
0  transition_group_id  run_id  decoy  main_var_xx_swath_prelim_score  var_bseries_score  var_elution_model_fit_score  var_intensity_score  var_isotope_correlation_score  var_isotope_overlap_score  var_library_corr
1             459_run0       0      0                   5.27893972397                5.0               0.993098139763       0.930480718613                 0.998724222183                        0.0    0.912406027317
2             459_run0       0      0                 -0.139743745327                0.0                0.95392459631       0.025931738317                 0.632511079311                        0.0   -0.285526961088
3             459_run0       0      0                 -0.775042831898                0.0               0.666666269302    0.000442357035354                 0.657922804356                        0.0    0.376474231482
4             459_run0       0      0                  -1.05454516411                0.0               0.847340285778    0.000903946987819                 0.798435628414             0.255319148302    0.518721699715
5             459_run0       0      0                   -1.2461669445                0.0                         -1.0    0.000423124118242                 0.563846647739            0.0454545468092     0.44590601325
6             459_run0       0      0                  -1.27951622009                1.0               0.931647360325     0.00561216427013               -0.0419896692038            0.0997258424759  -0.0976738482714
7             459_run0       0      0                  -1.81518745422                0.0               0.933585524559    0.000480822869577                 0.104774966836             0.159999996424   -0.630423009396
8             460_run0       0      0                   4.90480709076                0.0                0.99161696434       0.929647684097                 0.998396873474                        0.0    0.757169246674
9             460_run0       0      0                   1.00012874603                0.0               0.836714565754     0.00222462695092                 0.762015521526             0.380021721125    0.956728160381

        ...                                 13                 14                   15                            16               17                        18                 19               20                 21  \
0       ...         var_massdev_score_weighted  var_norm_rt_score  var_xcorr_coelution  var_xcorr_coelution_weighted  var_xcorr_shape  var_xcorr_shape_weighted  var_yseries_score          d_score            m_score
1       ...                         3.88453722   0.00229200161994                  0.0                           0.0   0.960350096226            0.970979332924                6.0    5.50868988037  1.09357003453e-08
2       ...                      21.2036914825    0.0106788063422        1.39668107033                0.859180450439   0.789175331593            0.716396868229                0.0   -1.30364465714    0.0679288357496
3       ...                      8.32724094391    0.0601135715842        2.38678574562                 1.97001683712   0.119047619402           0.0149915833026                0.0   -4.72917842865    0.0681385472417
4       ...                      17.4562129974    0.0199906025082        4.39320087433                 2.78930139542   0.329194873571            0.330811828375                0.0   -2.79115200043    0.0681385472417
5       ...                      17.1255264282    0.0515379831195                  1.0                           1.0              0.0                       0.0                0.0    -1.3000651598    0.0679288357496
6       ...                       19.456949234    0.0178070310503        2.20848894119                 1.49086546898   0.711876213551            0.685971021652                1.0   -3.12633061409    0.0681385472417
7       ...                      32.4461708069    0.0801405757666        1.39696335793                0.799699962139   0.761807382107            0.743328869343                0.0   -3.98068499565    0.0681385472417
8       ...                      4.43108940125   0.00229200161994        2.17321324348                 1.00181055069   0.895313978195            0.867887735367                5.0    4.76600265503  3.51661810782e-07
9       ...                      11.4620332718    0.0289670880884        3.54384803772                 1.31714642048   0.666435360909             0.63669270277                0.0  -0.359799444675    0.0497359000146

                22
0  peak_group_rank
1                1
2                3
3                7
4                4
5                2
6                5
7                6
8                1
9                2

[10 rows x 23 columns]
...
                  0  1  2                3    4               5                  6                7                8                 9  ...             13               14             15              16  \
9156  DECOY_592_run0  0  1  -0.909754216671  0.0  0.823102891445    0.0126013215631  -0.147306606174   0.229729726911    0.778375387192 ...  14.9782152176   0.069779984653  3.94538545609    2.0061507225
9157  DECOY_592_run0  0  1  -0.956865429878  0.0            -1.0   0.00238403375261   0.266941606998              0.0  -0.0969535559416 ...   7.5795340538  0.0516274161637            1.0             1.0
9158  DECOY_592_run0  0  1   -1.52418398857  0.0            -1.0  0.000170288127265  -0.583329737186              0.0  -0.0585549734533 ...  2.60456085205  0.0397187881172            1.0             1.0
9159  DECOY_592_run0  0  1   -1.68998205662  0.0  0.895950257778   0.00854846369475   0.546651482582   0.601593613625   -0.189017876983 ...  24.8541946411  0.0642507001758  2.06934952736   1.14626073837
9160  DECOY_592_run0  0  1   -1.69213461876  0.0  0.958494961262   0.00630066078156  -0.328751832247   0.189189195633   -0.482215851545 ...  16.6718044281   0.029836660251  1.28809094429  0.791833281517
9161  DECOY_592_run0  0  1   -1.84945464134  0.0  0.633835911751   0.00561950821429   0.371593952179              0.0   -0.371771335602 ...  21.7415885925  0.0184768736362  2.61135268211   2.02039933205
9162  DECOY_592_run0  0  1   -2.10957121849  0.0  0.906453490257   0.00527893193066   0.223762482405  0.0645161271095   -0.255514621735 ...   32.355556488  0.0846078470349  1.07777571678  0.598394989967
9163  DECOY_592_run0  0  1   -2.31560969353  0.0  0.905198872089   0.00289489817806   0.137664824724              0.0    0.876978933811 ...  36.0611343384  0.0714744403958  3.43237662315   2.17985391617
9164  DECOY_592_run0  0  1   -2.53264045715  0.0  0.980351805687    0.0066412370652  0.0745622888207   0.205128207803    0.216855913401 ...  35.9228134155  0.0786710381508  1.87132799625  0.908604383469
9165  DECOY_592_run0  0  1   -3.44062876701  0.0            -1.0   0.00102172873449  0.0339463911951   0.333333343267   0.0837371945381 ...  26.1339435577  0.0644738227129            1.0             1.0

                  17              18   19               20               21  22
9156  0.604014635086  0.541176140308  2.0    -3.0585565567  0.0681385472417  10
9157             0.0             0.0  0.0  -0.542050778866  0.0541973598301   2
9158             0.0             0.0  0.0   -4.28670549393  0.0681385472417  16
9159  0.785186886787  0.764795958996  0.0   -3.64450979233  0.0681385472417  13
9160  0.803144335747  0.768010675907  0.0   -2.68344449997  0.0681385472417   7
9161  0.555972695351  0.330880641937  0.0   -2.83036255836  0.0681385472417   9
9162  0.893420875072  0.890335679054  0.0   -2.75949048996  0.0681385472417   8
9163   0.53992921114  0.447666138411  0.0   -4.25948238373  0.0681385472417  15
9164  0.736385762691  0.708796441555  0.0   -4.12553596497  0.0681385472417  14
9165             0.0             0.0  0.0   -3.57327675819  0.0681385472417  12

[10 rows x 23 columns]
hex digtest pickled classifier: 02bf11a00e6dc67d0c5fd3070884ef9393615b10
pyprophet test_data.txt --random_seed=42
 config settings:
     apply_scorer: None
     apply_weights: None
     compute.probabilities: False
     d_score.cutoff: -1000.0
     delim.in:
     delim.out:
     export.mayu: False
     final_statistics.emp_p: False
     final_statistics.lambda: 0.4
     final_statistics.pfdr: False
     ignore.invalid_score_columns: 0
     is_test: 0
     multiple_files.merge_results: 0
     num_processes: 1
     out_of_core: 0
     out_of_core.sampling_rate: 0.1
     random_seed: 42
     semi_supervised_learner.initial_fdr: 0.15
     semi_supervised_learner.initial_lambda: 0.4
     semi_supervised_learner.iteration_fdr: 0.02
     semi_supervised_learner.iteration_lambda: 0.4
     semi_supervised_learner.num_iter: 5
     semi_supervised_learner.stat_best: 0
     semi_supervised_learner.use_best: 0
     target.compress_results: 0
     target.dir: None
     target.overwrite: 0
     target.prefix: None
     xeval.fraction: 0.5
     xeval.num_iter: 5
 process test_data.txt
 learn and apply classifier from input data
 data set contains 387 decoy and 387 target transition groups
 summary input file:
    9165 lines
    774 transition groups
    17 scores including main score
 learn and apply scorer
 start 5 cross evals using 1 processes
 start learn_randomized
 end learn_randomized
 start learn_randomized
 end learn_randomized
 start learn_randomized
 end learn_randomized
 start learn_randomized
 end learn_randomized
 start learn_randomized
 end learn_randomized
 finished cross evals

 data set contains 387 decoy and 387 target transition groups
 mean m_score = 6.130438e-02, std_dev m_score = 1.658378e-02
 mean s_value = 9.800913e-01, std_dev s_value = 1.125709e-01
 calculated scoring and statistics
 processing input data finished

used parameters:

    apply_scorer                               : None
    apply_weights                              : None
    compute.probabilities                      : False
    d_score.cutoff                             : -1000.0
    delim.in                                   : '\t'
    delim.out                                  : '\t'
    export.mayu                                : False
    final_statistics.emp_p                     : False
    final_statistics.lambda                    : 0.4
    final_statistics.pfdr                      : False
    ignore.invalid_score_columns               : 0
    is_test                                    : 0
    multiple_files.merge_results               : 0
    num_processes                              : 1
    out_of_core                                : 0
    out_of_core.sampling_rate                  : 0.1
    random_seed                                : 42
    semi_supervised_learner.initial_fdr        : 0.15
    semi_supervised_learner.initial_lambda     : 0.4
    semi_supervised_learner.iteration_fdr      : 0.02
    semi_supervised_learner.iteration_lambda   : 0.4
    semi_supervised_learner.num_iter           : 5
    semi_supervised_learner.stat_best          : 0
    semi_supervised_learner.use_best           : 0
    target.compress_results                    : 0
    target.dir                                 : None
    target.overwrite                           : 0
    target.prefix                              : None
    xeval.fraction                             : 0.5
    xeval.num_iter                             : 5


==================================================================================================

   qvalue   svalue        pvalue     TP    FP         TN          FN           FDR       FNR  \
0    0.00  0.00223  7.283063e-14    1.0   0.0  27.404145  358.595855  2.488380e-12  0.929041
1    0.01  1.00000  1.179414e-01  360.0   3.0  24.404145   -0.404145  8.905338e-03  0.000000
2    0.02  1.00000  2.422416e-01  360.0   7.0  20.404145   -0.404145  1.809090e-02  0.000000
3    0.05  1.00000  6.863554e-01  359.0  19.0   8.404145    0.595855  4.973590e-02  0.025801
4    0.10  1.00000  9.622493e-01  361.0  26.0   1.404145   -1.404145  6.813855e-02  0.000000
5    0.20      NaN           NaN    NaN   NaN        NaN         NaN           NaN       NaN
6    0.30      NaN           NaN    NaN   NaN        NaN         NaN           NaN       NaN
7    0.40      NaN           NaN    NaN   NaN        NaN         NaN           NaN       NaN
8    0.50      NaN           NaN    NaN   NaN        NaN         NaN           NaN       NaN

       sens    cutoff
0  0.002781  7.224704
1  1.000000  1.679868
2  1.000000  1.044898
3  0.998343 -0.363087
4  1.000000 -1.585732
5       NaN       NaN
6       NaN       NaN
7       NaN       NaN
8       NaN       NaN

==================================================================================================

WRITTEN:  test_data_summary_stat.csv
WRITTEN:  test_data_full_stat.csv
WRITTEN:  test_data_with_dscore.csv
WRITTEN:  test_data_with_dscore_filtered.csv
WRITTEN:  test_data_report.pdf
WRITTEN:  test_data_cutoffs.txt
WRITTEN:  test_data_svalues.txt
WRITTEN:  test_data_qvalues.txt
WRITTEN:  test_data_dscores_top_target_peaks.txt
WRITTEN:  test_data_dscores_top_decoy_peaks.txt
WRITTEN:  test_data_scorer.bin
WRITTEN:  test_data_weights.txt


