97964
Empty DataFrame
Columns: [feature_id, ms1_precursor_pep, ms2_peakgroup_pep, ms2_precursor_pep]
Index: []
97964
Empty DataFrame
Columns: [feature_id, ms1_precursor_pep, ms2_peakgroup_pep, ms2_precursor_pep]
Index: []
