   Adducts  Charge   Intensity       RT  aggr_prec_Peak_Apex  aggr_prec_Peak_Area  assay_RT  assay_rt     compound_name  d_score  decoy  delta_RT  delta_rt                                           filename                   id  leftWidth  m_score        mz  peak_group_rank  rightWidth               run_id    sum_formula  transition_group_id
0     M+H+     NaN  1.6598e+06  364.443           1.6824e+06           7.8688e+06   364.752  364.7520              Deet   3.7782      0   -0.3090   -0.3090  /Users/alka/Documents/work/projects/OpenSWATH/...  7823124520738135742    359.277   0.0313  192.1383                1     370.976   618490598098719992       C12H17NO                    0
1     M+H+     NaN  1.2839e+06  373.516           3.9995e+04           1.9509e+05   373.952  373.9524      Trimethacarb   4.2613      0   -0.4364   -0.4364  /Users/alka/Documents/work/projects/OpenSWATH/...  3484488607134072058    369.171   0.0149  194.1176                1     379.970  1532805053199387756      C11H15NO2                    8
2     M+H+     NaN  5.9785e+05  252.459           4.1461e+05           1.7107e+06   252.795  252.7951       Chloridazon   4.3396      0   -0.3361   -0.3361  /Users/alka/Documents/work/projects/OpenSWATH/...  6634143567532174618    247.782   0.0149  222.0429                1     260.382   618490598098719992     C10H8ClN3O                   12
3     M+H+     NaN  1.3043e+06  303.599           1.4001e+06           5.4964e+06   303.748  303.7483          Imazalil   4.4177      0   -0.1493   -0.1493  /Users/alka/Documents/work/projects/OpenSWATH/...  4509646909945349689    299.273   0.0086  297.0556                1     309.173  1277092869765949483   C14H14Cl2N2O                   16
4     M+H+     NaN  5.6452e+06  229.200           1.4137e+06           5.2582e+06   230.038  230.0376        Pirimicarb   4.2826      0   -0.8376   -0.8376  /Users/alka/Documents/work/projects/OpenSWATH/...  6687517813121524240    225.280   0.0149  239.1503                1     236.080  5672254479900394037     C11H18N4O2                   20
..     ...     ...         ...      ...                  ...                  ...       ...       ...               ...      ...    ...       ...       ...                                                ...                  ...        ...      ...       ...              ...         ...                  ...            ...                  ...
95    M+H+     NaN  4.8343e+06  484.464           1.2169e+06           5.7879e+06   484.380  484.3798  Pirmiphos-methyl   4.8472      0    0.0842    0.0842  /Users/alka/Documents/work/projects/OpenSWATH/...  7474895396820623250    480.156   0.0086  306.1036                1     490.056  5672254479900394037   C11H20N3O3PS                  306
96   M+Na+     NaN  1.1553e+07  538.227           1.6929e+05           9.3324e+05   538.751  538.7509      Furathiocarb   3.6450      0   -0.5239   -0.5239  /Users/alka/Documents/work/projects/OpenSWATH/...  6258159614040527067    533.542   0.0405  405.1455                1     543.441  1532805053199387756    C18H26N2O5S                  312
97   M+Na+     NaN  1.0354e+06  468.139           1.2596e+05           6.1140e+05   468.241  468.2407      Tebufenozide   4.1447      0   -0.1017   -0.1017  /Users/alka/Documents/work/projects/OpenSWATH/...  5376211212444909294    463.350   0.0220  375.2043                1     475.949   256173130911795889     C22H28N2O2                  318
98    M+H+     NaN  2.8745e+06  496.395           3.2453e+05           1.1530e+06   497.174  497.1739         Coumaphos   5.0961      0   -0.7789   -0.7789  /Users/alka/Documents/work/projects/OpenSWATH/...  6590669578008623220    492.054   0.0086  363.0217                1     501.053  1277092869765949483   C14H16ClO5PS                  322
99    M+H+     NaN  6.0873e+06  455.742           3.7840e+05           1.1234e+06   456.872  456.8716        Flufenacet   4.4102      0   -1.1296   -1.1296  /Users/alka/Documents/work/projects/OpenSWATH/...  7569401740039158287    451.550   0.0086  364.0737                1     460.550  5002162903887254472  C14H13F4N3O2S                  324

[100 rows x 23 columns]
