Peptide Data:
   context run_id  peptide_id   score  pvalue  qvalue     pep
0   global   None           2  5.5390  0.0029  0.0033  0.0031
1   global   None           3  0.1314  0.3988  0.4000  1.0000
2   global   None           5  5.8582  0.0029  0.0033  0.0031
3   global   None           7  0.3975  0.2493  0.2507  1.0000
4   global   None           8 -0.4131  0.4692  0.4692  1.0000
..     ...    ...         ...     ...     ...     ...     ...
95  global   None         243  0.7509  0.1994  0.2018  1.0000
96  global   None         244  0.9504  0.1994  0.2018  1.0000
97  global   None         248  5.5804  0.0029  0.0033  0.0031
98  global   None         250  5.5397  0.0029  0.0033  0.0031
99  global   None         251  0.1822  0.3988  0.4000  1.0000

[100 rows x 7 columns]
