Precursor Data:
Empty DataFrame
Columns: [feature_id, ms1_precursor_pep, ms2_peakgroup_pep, ms2_precursor_pep]
Index: []
Transition Data:
    bmask           feature_id  num_peptidoforms     pep  peptide_id  transition_id
0     1.0 -9078977811506172301                 1  0.0075         305           3288
1     0.0 -9078977811506172301                 1  0.0075          -1           3288
2     1.0 -9078977811506172301                 1  0.0075         305           3275
3     0.0 -9078977811506172301                 1  0.0075          -1           3275
4     1.0 -9078977811506172301                 1  0.0133         305           3276
..    ...                  ...               ...     ...         ...            ...
95    0.0 -8858715981476206597                 1  0.0367          -1           7983
96    1.0 -8858715981476206597                 1  0.0007         862           8008
97    0.0 -8858715981476206597                 1  0.0007          -1           8008
98    1.0 -8858715981476206597                 1  0.1626         862           7992
99    0.0 -8858715981476206597                 1  0.1626          -1           7992

[100 rows x 6 columns]
IPF Data:
    feature_id  pep  peptide_id  precursor_peakgroup_pep  qvalue
0   6.8549e+18  NaN       523.0                      NaN     NaN
1   7.4524e+17  NaN       523.0                      NaN     NaN
2   1.0824e+18  NaN       386.0                      NaN     NaN
3  -4.5156e+18  NaN       386.0                      NaN     NaN
4  -4.0449e+18  NaN       386.0                      NaN     NaN
..         ...  ...         ...                      ...     ...
95  7.8859e+18  NaN      1245.0                      NaN     NaN
96 -4.0718e+18  NaN      1245.0                      NaN     NaN
97 -1.9584e+17  NaN      1245.0                      NaN     NaN
98  5.9075e+18  NaN       633.0                      NaN     NaN
99 -6.8885e+18  NaN       633.0                      NaN     NaN

[100 rows x 5 columns]
