Precursor Data:
             feature_id  ms1_precursor_pep  ms2_peakgroup_pep  ms2_precursor_pep
0   1082368609638691369             0.0003             0.0031               <NA>
1   -590851697010432663             0.0003             0.0031               <NA>
2   8126738070040012582             0.0003             0.0031               <NA>
3   6807035558008181173             0.0003             0.0031               <NA>
4   7148568357858475673             0.0003             0.0031               <NA>
..                  ...                ...                ...                ...
95  9218597765662578237             0.0003             0.0031               <NA>
96 -3228351466849552514             0.0003             0.0031               <NA>
97 -6893871732392422368             0.0003             0.0031               <NA>
98  7440684348662492525             0.0003             0.0031               <NA>
99  -682608860211831897             0.0003             0.0031               <NA>

[100 rows x 4 columns]
Transition Data:
    bmask            feature_id  num_peptidoforms     pep  peptide_id  transition_id
0     0.0  -9211032279639747263                 1  0.0000         975            0.0
1     0.0  -9211032279639747263                 1  0.0000          -1            0.0
2     0.0  -9202066408251325127                 1  0.0000         546            0.0
3     0.0  -9202066408251325127                 1  0.0000          -1            0.0
4     0.0  -9194114845888269381                 1  0.0000         561            0.0
..    ...                   ...               ...     ...         ...            ...
95    0.0  -8990894093332793487                 1  0.0210          -1         6235.0
96    1.0  -8990894093332793487                 1  0.0007        1169         6243.0
97    0.0  -8990894093332793487                 1  0.0007          -1         6243.0
98    1.0  -8990894093332793487                 1  0.0007        1169         6244.0
99    0.0  -8990894093332793487                 1  0.0007          -1         6244.0

[100 rows x 6 columns]
IPF Data:
    feature_id  pep  peptide_id  precursor_peakgroup_pep  qvalue
0   6.8549e+18  NaN       523.0                      NaN     NaN
1   7.4524e+17  NaN       523.0                      NaN     NaN
2   1.0824e+18  NaN       386.0                      NaN     NaN
3  -4.5156e+18  NaN       386.0                      NaN     NaN
4  -4.0449e+18  NaN       386.0                      NaN     NaN
..         ...  ...         ...                      ...     ...
95  7.8859e+18  NaN      1245.0                      NaN     NaN
96 -4.0718e+18  NaN      1245.0                      NaN     NaN
97 -1.9584e+17  NaN      1245.0                      NaN     NaN
98  5.9075e+18  NaN       633.0                      NaN     NaN
99 -6.8885e+18  NaN       633.0                      NaN     NaN

[100 rows x 5 columns]
