Precursor Data:
             feature_id  ms1_precursor_pep  ms2_peakgroup_pep  ms2_precursor_pep
0  -4409520928686189639             0.0003             0.0031               <NA>
1  -7771919224870429764             0.0003             0.0031               <NA>
2  -1732939685941081620             0.0003             0.0031               <NA>
3  -8456918486669709513             0.0003             0.0031               <NA>
4  -7157712673420189723             0.0003             0.0031               <NA>
..                  ...                ...                ...                ...
95  6961995119939283983             0.0003             0.0031               <NA>
96  6575595963013729151             0.5778             0.0225               <NA>
97  2400982934868877931             0.0003             0.0031               <NA>
98   158282973553127354             0.0003             0.0031               <NA>
99 -5611221812511315240             0.0003             0.0031               <NA>

[100 rows x 4 columns]
Transition Data:
    bmask           feature_id  num_peptidoforms     pep  peptide_id  transition_id
0     1.0 -9078977811506172301                 1  0.0075         305           3275
1     0.0 -9078977811506172301                 1  0.0075          -1           3275
2     1.0 -9078977811506172301                 1  0.0133         305           3276
3     0.0 -9078977811506172301                 1  0.0133          -1           3276
4     1.0 -9078977811506172301                 1  0.0048         305           3277
..    ...                  ...               ...     ...         ...            ...
95    0.0 -8858715981476206597                 1  0.0017          -1           7986
96    1.0 -8858715981476206597                 1  0.0017         862           7990
97    0.0 -8858715981476206597                 1  0.0017          -1           7990
98    1.0 -8858715981476206597                 1  0.0007         862           7991
99    0.0 -8858715981476206597                 1  0.0007          -1           7991

[100 rows x 6 columns]
IPF Data:
             feature_id  pep  peptide_id  precursor_peakgroup_pep  qvalue
0  -9078977811506172301  0.0         305               9.5518e-07     0.0
1  -9009602369958523731  0.0         309               9.5518e-07     0.0
2  -8990894093332793487  0.0        1169               9.5518e-07     0.0
3  -8915955323477460297  0.0        1214               9.5518e-07     0.0
4  -8858715981476206597  0.0         862               9.5518e-07     0.0
..                  ...  ...         ...                      ...     ...
95 -3836935184308268027  0.0         327               9.5518e-07     0.0
96 -3751206597519588606  0.0         922               9.5518e-07     0.0
97 -3723393495768556771  0.0        1218               9.5518e-07     0.0
98 -3691251994571895144  0.0         448               9.5518e-07     0.0
99 -3689374433140347909  0.0         688               9.5518e-07     0.0

[100 rows x 5 columns]
