         context     pep  protein_id  pvalue  qvalue      run_id   score
0   run-specific  0.3674           9  0.0625  0.0625 -8.6708e+18  6.0052
1   run-specific  0.3674           8  0.0625  0.0625 -8.6708e+18  5.9861
2   run-specific  0.3674           1  0.0625  0.0625 -8.6708e+18  5.9765
3   run-specific  0.3674          13  0.0625  0.0625 -8.6708e+18  5.9682
4   run-specific  0.3674          12  0.0625  0.0625 -8.6708e+18  5.9529
..           ...     ...         ...     ...     ...         ...     ...
91        global  0.3674          25  0.0625  0.0625         NaN  1.3888
92        global  0.3674          20  0.0625  0.0625         NaN  1.3329
93        global  0.3674          16  0.0625  0.0625         NaN  0.9266
94        global  0.3674          22  0.0625  0.0625         NaN  0.7471
95        global  0.3674          23  0.0625  0.0625         NaN  0.7306

[96 rows x 7 columns]
