   Adducts  Charge  Intensity       RT  aggr_prec_Peak_Apex  aggr_prec_Peak_Area  assay_RT  assay_rt      compound_name  d_score  decoy  delta_RT  delta_rt                                           filename                   id  leftWidth  m_score        mz  peak_group_rank  rightWidth               run_id   sum_formula  transition_group_id
0    M+Na+       1  71301.300  475.327              90356.0           2.8526e+05   475.718  475.7176     Isoprothiolane   4.7037      0    -0.391   -0.3906  /Users/alka/Documents/work/projects/OpenSWATH_...  6732968656885689606    472.409   0.0081  313.0539                1     478.992  2408145804652532658    C12H18O4S2                    3
1    M+Na+       1  19160.700  475.303              31671.0           9.9949e+04   475.718  475.7184     Isoprothiolane   3.5837      0    -0.415   -0.4154  /Users/alka/Documents/work/projects/OpenSWATH_...  6921299947704833207    472.408   0.0231  313.0539                1     479.814  1007350642398073598    C12H18O4S2                    3
2    M+Na+       1   9308.450  475.253              17956.0           5.0582e+04   475.718  475.7180     Isoprothiolane   3.9994      0    -0.465   -0.4650  /Users/alka/Documents/work/projects/OpenSWATH_...  5388675400702073898    472.408   0.0200  313.0539                1     479.814   214379053049545951    C12H18O4S2                    3
3    M+Na+       1    147.925  481.026                746.0           6.9487e+02   475.718  475.7176     Isoprothiolane   2.9940      0     5.308    5.3084  /Users/alka/Documents/work/projects/OpenSWATH_...  7508128245913369262    479.815   0.0442  313.0539                2     483.106  2408145804652532658    C12H18O4S2                    3
4     M+H+       1    949.648  453.263            1705988.0           4.6946e+06   453.946  453.9459  Triadimefon_decoy   3.4105      1    -0.683   -0.6829  /Users/alka/Documents/work/projects/OpenSWATH_...   671489720159068151    451.012   0.0266  294.1004                1     461.710  3140099155998074833  C14H16ClN3O2                    6
..     ...     ...        ...      ...                  ...                  ...       ...       ...                ...      ...    ...       ...       ...                                                ...                  ...        ...      ...       ...              ...         ...                  ...           ...                  ...
95    M+H+       1   1788.530  455.453               5767.0           1.6677e+04   455.082  455.0823           Boscalid   4.3533      0     0.371    0.3707  /Users/alka/Documents/work/projects/OpenSWATH_...  4911838227523744331    452.659   0.0110  343.0399                1     460.888  6344784885616328495  C18H12Cl2N2O                  104
96   M+Na+       1  57212.200  502.251              97318.0           3.1908e+05   501.656  501.6563      Picoxystrobin   3.1736      0     0.595    0.5947  /Users/alka/Documents/work/projects/OpenSWATH_...   995120417245308422    499.563   0.0319  390.0924                1     506.969  3140099155998074833   C18H16F3NO4                  108
97   M+Na+       1  28159.500  502.291              32319.0           8.4656e+04   501.656  501.6562      Picoxystrobin   4.2847      0     0.635    0.6348  /Users/alka/Documents/work/projects/OpenSWATH_...  6098343142262325573    499.564   0.0110  390.0924                1     505.324  2408145804652532658   C18H16F3NO4                  108
98   M+Na+       1  11019.300  502.517               7266.0           2.0389e+04   501.656  501.6556      Picoxystrobin   3.0171      0     0.861    0.8614  /Users/alka/Documents/work/projects/OpenSWATH_...  3727023492293302868    499.564   0.0430  390.0924                1     506.147  1007350642398073598   C18H16F3NO4                  108
99   M+Na+       1   5384.930  502.411               4580.0           1.1208e+04   501.656  501.6560      Picoxystrobin   3.3918      0     0.755    0.7550  /Users/alka/Documents/work/projects/OpenSWATH_...  7379182434544455482    499.564   0.0281  390.0924                1     505.324   214379053049545951   C18H16F3NO4                  108

[100 rows x 23 columns]
