Precursor Data:
              feature_id  ms2_peakgroup_pep  ms1_precursor_pep  ms2_precursor_pep
0   -9078977811506172301             0.0031             0.0003               <NA>
1   -9059007664292712863             0.3623             0.2423               <NA>
2   -9009602369958523731             0.0031             0.0003               <NA>
3   -8990894093332793487             0.0031             0.0003               <NA>
4   -8915955323477460297             0.0031             0.0003               <NA>
..                   ...                ...                ...                ...
95  -4539808410625597778             0.0031             0.0003               <NA>
96  -4495976808403190115             0.0031             0.0003               <NA>
97  -4474179539802460946             0.0031             0.0003               <NA>
98  -4409520928686189639             0.0031             0.0003               <NA>
99  -4399716566495748799             0.0031             0.0003               <NA>

[100 rows x 4 columns]
Transition Data:
              feature_id  transition_id     pep  peptide_id  bmask  num_peptidoforms
0   -9078977811506172301           3275  0.0075          -1    0.0                 1
1   -9078977811506172301           3275  0.0075         305    1.0                 1
2   -9078977811506172301           3276  0.0133          -1    0.0                 1
3   -9078977811506172301           3276  0.0133         305    1.0                 1
4   -9078977811506172301           3277  0.0048          -1    0.0                 1
..                   ...            ...     ...         ...    ...               ...
95  -8858715981476206597           7986  0.0017         862    1.0                 1
96  -8858715981476206597           7990  0.0017          -1    0.0                 1
97  -8858715981476206597           7990  0.0017         862    1.0                 1
98  -8858715981476206597           7991  0.0007          -1    0.0                 1
99  -8858715981476206597           7991  0.0007         862    1.0                 1

[100 rows x 6 columns]
IPF Data:
                  run_id            feature_id  peptide_id  precursor_peakgroup_pep  qvalue  pep
0   -8670811102654833664  -9211032279639747584         976                      NaN     NaN  NaN
1   -8670811102654833664  -9209834744278113280        1157                      NaN     NaN  NaN
2   -8670811102654833664  -9204568338203973632          76                      NaN     NaN  NaN
3   -8670811102654833664  -9202066408251325440         547                      NaN     NaN  NaN
4   -8670811102654833664  -9194114845888269312         562                      NaN     NaN  NaN
..                   ...                   ...         ...                      ...     ...  ...
95  -8670811102654833664  -8647629181891982336         661                      NaN     NaN  NaN
96  -8670811102654833664  -8646966398648626176         529                      NaN     NaN  NaN
97  -8670811102654833664  -8646066421910515712         431               9.5149e-07     0.0  0.0
98  -8670811102654833664  -8638785506020690944         409                      NaN     NaN  NaN
99  -8670811102654833664  -8630914225771745280         578                      NaN     NaN  NaN

[100 rows x 6 columns]
