Precursor Data:
             feature_id  ms1_precursor_pep  ms2_peakgroup_pep  ms2_precursor_pep
0   1082368609638691369               <NA>             0.0031               <NA>
1   -590851697010432663               <NA>             0.0031               <NA>
2   8126738070040012582               <NA>             0.0031               <NA>
3   6807035558008181173               <NA>             0.0031               <NA>
4   7148568357858475673               <NA>             0.0031               <NA>
..                  ...                ...                ...                ...
95  9218597765662578237               <NA>             0.0031               <NA>
96 -3228351466849552514               <NA>             0.0031               <NA>
97 -6893871732392422368               <NA>             0.0031               <NA>
98  7440684348662492525               <NA>             0.0031               <NA>
99  -682608860211831897               <NA>             0.0031               <NA>

[100 rows x 4 columns]
Transition Data:
    bmask            feature_id  num_peptidoforms     pep  peptide_id  transition_id
0     0.0  -9211032279639747263                 1  0.0000         975            0.0
1     0.0  -9211032279639747263                 1  0.0000          -1            0.0
2     0.0  -9202066408251325127                 1  0.0000         546            0.0
3     0.0  -9202066408251325127                 1  0.0000          -1            0.0
4     0.0  -9194114845888269381                 1  0.0000         561            0.0
..    ...                   ...               ...     ...         ...            ...
95    0.0  -8990894093332793487                 1  0.0210          -1         6235.0
96    1.0  -8990894093332793487                 1  0.0007        1169         6243.0
97    0.0  -8990894093332793487                 1  0.0007          -1         6243.0
98    1.0  -8990894093332793487                 1  0.0007        1169         6244.0
99    0.0  -8990894093332793487                 1  0.0007          -1         6244.0

[100 rows x 6 columns]
IPF Data:
             feature_id  pep  peptide_id  precursor_peakgroup_pep  qvalue
0   6854889104354289238  NaN         523                      NaN     NaN
1    745237666153652118  NaN         523                      NaN     NaN
2   1082368609638691369  NaN         386                      NaN     NaN
3  -4515618252120499488  NaN         386                      NaN     NaN
4  -4044853666210028406  NaN         386                      NaN     NaN
..                  ...  ...         ...                      ...     ...
95  7885949039994670707  NaN        1245                      NaN     NaN
96 -4071772998108130635  NaN        1245                      NaN     NaN
97  -195836820352785785  NaN        1245                      NaN     NaN
98  5907467536922233146  NaN         633                      NaN     NaN
99 -6888529645344651382  NaN         633                      NaN     NaN

[100 rows x 5 columns]
