   Annotation  Decoy  FragmentCharge  FragmentSeriesNumber FragmentType  LibraryIntensity     ModifiedPeptideSequence  NormalizedRetentionTime PeptideSequence                     Precursor  PrecursorCharge  PrecursorIonMobility  PrecursorMz  ProductMz          ProteinName
0        -1^1      0               1                    -1          NaN              -1.0      AAEDFTLLVK(UniMod:259)                     58.9      AAEDFTLLVK      AAEDFTLLVK(UniMod:259)_2                2                   NaN     557.8153   557.8153  AQUA4SWATH_HMLangeE
1        b4^1      0               1                     4            b              -1.0      AAEDFTLLVK(UniMod:259)                     58.9      AAEDFTLLVK      AAEDFTLLVK(UniMod:259)_2                2                   NaN     557.8153   387.1510  AQUA4SWATH_HMLangeE
2        b4^1      0               1                     4            b              -1.0      AAEDFTLLVK(UniMod:259)                     58.9      AAEDFTLLVK      AAEDFTLLVK(UniMod:259)_2                2                   NaN     557.8153   403.1646  AQUA4SWATH_HMLangeE
3        b5^1      0               1                     5            b              -1.0      AAEDFTLLVK(UniMod:259)                     58.9      AAEDFTLLVK      AAEDFTLLVK(UniMod:259)_2                2                   NaN     557.8153   516.2486  AQUA4SWATH_HMLangeE
4        b5^1      0               1                     5            b              -1.0      AAEDFTLLVK(UniMod:259)                     58.9      AAEDFTLLVK      AAEDFTLLVK(UniMod:259)_2                2                   NaN     557.8153   534.2195  AQUA4SWATH_HMLangeE
..        ...    ...             ...                   ...          ...               ...                         ...                      ...             ...                           ...              ...                   ...          ...        ...                  ...
95      y11^1      0               1                    11            y              -1.0  AAGASAQVLGQEGK(UniMod:259)                     -5.3  AAGASAQVLGQEGK  AAGASAQVLGQEGK(UniMod:259)_2                2                   NaN     647.8457  1119.4173      AQUA4SWATH_Spyo
96      y11^2      0               2                    11            y              -1.0  AAGASAQVLGQEGK(UniMod:259)                     -5.3  AAGASAQVLGQEGK  AAGASAQVLGQEGK(UniMod:259)_2                2                   NaN     647.8457   548.2978      AQUA4SWATH_Spyo
97      y11^2      0               2                    11            y              -1.0  AAGASAQVLGQEGK(UniMod:259)                     -5.3  AAGASAQVLGQEGK  AAGASAQVLGQEGK(UniMod:259)_2                2                   NaN     647.8457   560.2123      AQUA4SWATH_Spyo
98      y12^1      0               1                    12            y              -1.0  AAGASAQVLGQEGK(UniMod:259)                     -5.3  AAGASAQVLGQEGK  AAGASAQVLGQEGK(UniMod:259)_2                2                   NaN     647.8457  1152.6099      AQUA4SWATH_Spyo
99      y12^1      0               1                    12            y              -1.0  AAGASAQVLGQEGK(UniMod:259)                     -5.3  AAGASAQVLGQEGK  AAGASAQVLGQEGK(UniMod:259)_2                2                   NaN     647.8457  1232.5013      AQUA4SWATH_Spyo

[100 rows x 15 columns]
