                                           ANNOTATION  DELTA_RT    EXP_RT           FEATURE_ID  FEATURE_MS1_APEX_INTENSITY  FEATURE_MS1_AREA_INTENSITY  FEATURE_MS1_VAR_ISOTOPE_CORRELATION_SCORE  FEATURE_MS1_VAR_ISOTOPE_OVERLAP_SCORE  FEATURE_MS1_VAR_MASSDEV_SCORE  FEATURE_MS1_VAR_XCORR_COELUTION  FEATURE_MS1_VAR_XCORR_SHAPE  FEATURE_MS2_APEX_INTENSITY  FEATURE_MS2_AREA_INTENSITY  FEATURE_MS2_VAR_BSERIES_SCORE  FEATURE_MS2_VAR_DOTPROD_SCORE  FEATURE_MS2_VAR_INTENSITY_SCORE  FEATURE_MS2_VAR_ISOTOPE_CORRELATION_SCORE  FEATURE_MS2_VAR_ISOTOPE_OVERLAP_SCORE  FEATURE_MS2_VAR_LIBRARY_CORR  FEATURE_MS2_VAR_LIBRARY_DOTPROD  FEATURE_MS2_VAR_LIBRARY_MANHATTAN  FEATURE_MS2_VAR_LIBRARY_RMSD  FEATURE_MS2_VAR_LIBRARY_ROOTMEANSQUARE  FEATURE_MS2_VAR_LIBRARY_SANGLE  FEATURE_MS2_VAR_LOG_SN_SCORE  FEATURE_MS2_VAR_MANHATTAN_SCORE  FEATURE_MS2_VAR_MASSDEV_SCORE  FEATURE_MS2_VAR_MASSDEV_SCORE_WEIGHTED  FEATURE_MS2_VAR_NORM_RT_SCORE  FEATURE_MS2_VAR_XCORR_COELUTION  FEATURE_MS2_VAR_XCORR_COELUTION_WEIGHTED  FEATURE_MS2_VAR_XCORR_SHAPE  FEATURE_MS2_VAR_XCORR_SHAPE_WEIGHTED  FEATURE_MS2_VAR_YSERIES_SCORE                  FEATURE_TRANSITION_APEX_INTENSITY                  FEATURE_TRANSITION_AREA_INTENSITY   FEATURE_TRANSITION_VAR_ISOTOPE_CORRELATION_SCORE       FEATURE_TRANSITION_VAR_ISOTOPE_OVERLAP_SCORE               FEATURE_TRANSITION_VAR_LOG_INTENSITY                FEATURE_TRANSITION_VAR_LOG_SN_SCORE               FEATURE_TRANSITION_VAR_MASSDEV_SCORE             FEATURE_TRANSITION_VAR_XCORR_COELUTION                 FEATURE_TRANSITION_VAR_XCORR_SHAPE                         FILENAME  LEFT_WIDTH      MODIFIED_SEQUENCE  NORM_RT  PEPTIDE_DECOY  PEPTIDE_ID                                     PEPTIDE_IPF_ID  PRECURSOR_CHARGE  PRECURSOR_DECOY                           PRECURSOR_GROUP_LABEL  PRECURSOR_ID  PRECURSOR_LIBRARY_RT  PRECURSOR_MZ                                 PRECURSOR_TRAML_ID                                         PRODUCT_MZ        PROTEIN_ACCESSION  PROTEIN_ID  RIGHT_WIDTH               RUN_ID                                  TRANSITION_CHARGE                                   TRANSITION_DECOY                               TRANSITION_DETECTING                                      TRANSITION_ID                       TRANSITION_LIBRARY_INTENSITY                                 TRANSITION_ORDINAL                                TRANSITION_TRAML_ID                                    TRANSITION_TYPE UNMODIFIED_SEQUENCE
0   [-1^1, b5^1, b6^1, b7^1, b7^2, b8^1, b8^2, y3^...  -85.0733  1923.170   483971408708572459                 192394.8869                    935372.0                                     0.9919                                 0.1179                         3.1724                           0.0000                       0.9713                     61269.0                    321681.0                            5.0                         0.7829                           0.3415                                     0.9953                                 0.0000                        0.9944                           0.9786                             0.2234                        0.0893                                  0.1044                          0.2119                        3.7524                           0.7034                         2.8770                                  1.0938                         0.0237                           0.0000                                    0.0000                       0.9660                                0.9924                            6.0  [19613.0, 1268.0, 1551.0, 1322.0, 1121.0, 245....  [122009.0, 13841.0, 28686.0, 6889.0, 16994.0, ...  [0.994992, 0.934862, 0.678438, 0.985933, 0.590...  [0.35451, 0.264984, 0.406834, 0.245083, 0.2997...  [11.7119, 9.53539, 10.2642, 8.83768, 9.74062, ...  [2.78266, 1.03981, 1.22159, 2.28258, 0.616837,...  [10.0559, 7.8123, 8.68577, 1.48535, 32.7027, 0...  [0.0, 0.25, 4.0, 0.0, 3.25, 0.0, 4.25, 0.0, 0....  [0.944716, 0.697116, 0.701954, 0.952592, 0.642...  napedro_L120420_010_SW.mzXML.gz   1898.6700  GIGDWSDSK(UniMod:259)   7.0277              0         523  [522.0, 522.0, 522.0, 522.0, 522.0, 522.0, 522...                 2                0     AQUA4SWATH_HMLangeF_GIGDWSDSK(UniMod:259)/2           119                   9.4      486.7293  AQUA4SWATH_HMLangeF_GIGDWSDSK(Label:13C(6)15N(...  [486.7293, 529.2405, 616.2726, 731.2995, 366.1...      AQUA4SWATH_HMLangeF           5    1946.4600 -8670811102654834151  [1, 1, 1, 1, 2, 1, 2, 1, 1, 1, 1, 2, 1, 2, 1, ...  [0, 0, 0, 0, 0, 0, 0, 0, 0, 0, 0, 0, 0, 0, 0, ...  [0, 0, 0, 0, 0, 0, 0, 0, 0, 0, 0, 0, 0, 0, 0, ...  [4716, 4717, 4718, 4719, 4720, 4721, 4722, 472...  [-1.0, -1.0, -1.0, -1.0, -1.0, -1.0, -1.0, -1....  [-1, 5, 6, 7, 7, 8, 8, 3, 4, 5, 6, 6, 7, 7, 8,...  [5355_UIS_{GIGDWSDSK(Label:13C(6)15N(2))}_486....  [, b, b, b, b, b, b, y, y, y, y, y, y, y, y, y...           GIGDWSDSK
1   [-1^1, b5^1, b6^1, b7^1, b7^2, b8^1, b8^2, y3^...  -55.2126  1953.030  6854889104354289238                   5696.7273                     45882.6                                     0.2886                                 1.6923                        20.0342                           5.1458                       0.5950                      7999.0                     45147.0                            3.0                         0.5879                           0.0479                                     0.6040                                 0.6485                        0.9860                           0.9809                             0.2040                        0.0854                                  0.1024                          0.2154                        1.8184                           0.8426                         7.5457                                 10.7048                         0.0151                           3.4670                                    1.4506                       0.6956                                0.8139                            3.0  [2241.0, 355.0, 437.0, 80.0, 612.0, 50.0, 40.0...  [17007.0, 3075.0, 5722.0, 1033.0, 5674.0, 481....  [0.0379463, -0.461778, -0.477658, -0.497556, 0...  [0.917001, 0.946479, 1.54005, 2.0125, 0.593137...  [9.74138, 8.03106, 8.65207, 6.94022, 8.64365, ...  [0.61339, 0.0, 0.0, 0.0, 0.0115929, 0.0, 0.0, ...  [5.19092, 1.40144, 14.5584, 16.1386, 19.2841, ...  [2.5, 1.75, 3.25, 4.75, 2.75, 4.0, 3.25, 2.75,...  [0.609634, 0.471038, 0.607138, 0.50085, 0.5955...  napedro_L120420_010_SW.mzXML.gz   1946.4600  GIGDWSDSK(UniMod:259)   7.8936              0         523  [522.0, 522.0, 522.0, 522.0, 522.0, 522.0, 522...                 2                0     AQUA4SWATH_HMLangeF_GIGDWSDSK(UniMod:259)/2           119                   9.4      486.7293  AQUA4SWATH_HMLangeF_GIGDWSDSK(Label:13C(6)15N(...  [486.7293, 529.2405, 616.2726, 731.2995, 366.1...      AQUA4SWATH_HMLangeF           5    1977.1899 -8670811102654834151  [1, 1, 1, 1, 2, 1, 2, 1, 1, 1, 1, 2, 1, 2, 1, ...  [0, 0, 0, 0, 0, 0, 0, 0, 0, 0, 0, 0, 0, 0, 0, ...  [0, 0, 0, 0, 0, 0, 0, 0, 0, 0, 0, 0, 0, 0, 0, ...  [4716, 4717, 4718, 4719, 4720, 4721, 4722, 472...  [-1.0, -1.0, -1.0, -1.0, -1.0, -1.0, -1.0, -1....  [-1, 5, 6, 7, 7, 8, 8, 3, 4, 5, 6, 6, 7, 7, 8,...  [5355_UIS_{GIGDWSDSK(Label:13C(6)15N(2))}_486....  [, b, b, b, b, b, b, y, y, y, y, y, y, y, y, y...           GIGDWSDSK
2   [-1^1, b5^1, b6^1, b7^1, b7^2, b8^1, b8^2, y3^...    9.7944  2018.030  2696300170322160855                  17401.1825                     95751.8                                     0.9301                                 0.5084                        13.5151                           0.7500                       0.6966                      2243.0                     13809.0                            4.0                         0.5880                           0.0147                                    -0.0614                                 0.1439                       -0.4161                           0.7216                             0.6824                        0.3240                                  0.4081                          1.2232                        0.0221                           0.9147                         2.4447                                  2.0283                         0.0038                           1.3498                                    0.4384                       0.8111                                0.8839                            4.0  [2414.0, 367.0, 346.0, 182.0, 806.0, 193.0, 10...  [14258.0, 2341.0, 2206.0, 766.0, 5452.0, 1400....  [-0.262344, -0.879569, -0.43455, -0.255136, 0....  [1.24358, 0.724796, 1.2341, 0.445055, 0.389578...  [9.56507, 7.75833, 7.69894, 6.64118, 8.60374, ...  [0.687753, 0.0, 0.0, 0.29969, 0.286944, 1.0555...  [22.7585, 2.00353, 3.31572, 11.3427, 2.72813, ...  [1.25, 2.5, 3.0, 1.0, 4.5, 2.5, 0.25, 5.0, 0.2...  [0.509548, 0.667811, 0.462699, 0.622685, 0.379...  napedro_L120420_010_SW.mzXML.gz   2001.0900  GIGDWSDSK(UniMod:259)   9.7785              0         523  [522.0, 522.0, 522.0, 522.0, 522.0, 522.0, 522...                 2                0     AQUA4SWATH_HMLangeF_GIGDWSDSK(UniMod:259)/2           119                   9.4      486.7293  AQUA4SWATH_HMLangeF_GIGDWSDSK(Label:13C(6)15N(...  [486.7293, 529.2405, 616.2726, 731.2995, 366.1...      AQUA4SWATH_HMLangeF           5    2024.9800 -8670811102654834151  [1, 1, 1, 1, 2, 1, 2, 1, 1, 1, 1, 2, 1, 2, 1, ...  [0, 0, 0, 0, 0, 0, 0, 0, 0, 0, 0, 0, 0, 0, 0, ...  [0, 0, 0, 0, 0, 0, 0, 0, 0, 0, 0, 0, 0, 0, 0, ...  [4716, 4717, 4718, 4719, 4720, 4721, 4722, 472...  [-1.0, -1.0, -1.0, -1.0, -1.0, -1.0, -1.0, -1....  [-1, 5, 6, 7, 7, 8, 8, 3, 4, 5, 6, 6, 7, 7, 8,...  [5355_UIS_{GIGDWSDSK(Label:13C(6)15N(2))}_486....  [, b, b, b, b, b, b, y, y, y, y, y, y, y, y, y...           GIGDWSDSK
3   [-1^1, b5^1, b6^1, b7^1, b7^2, b8^1, b8^2, y3^... -130.8641  1877.370  8207933629855485114                   6239.5198                     48788.5                                    -0.5293                                 1.7491                         3.3984                           3.2500                       0.5946                      3336.0                     36324.0                            3.0                         0.4316                           0.0386                                     0.1794                                 0.2909                       -0.3937                           0.8019                             0.6135                        0.2909                                  0.3399                          1.0151                        0.6018                           1.1139                         5.2642                                  1.9825                         0.0370                           2.2472                                    0.8549                       0.7655                                0.8558                            4.0  [1848.0, 489.0, 1544.0, 192.0, 680.0, 71.0, 10...  [15751.0, 5678.0, 13003.0, 2823.0, 7484.0, 945...  [-0.115421, -0.502066, 0.479892, -0.175475, 0....  [2.25487, 1.65031, 1.70596, 1.85938, 1.03088, ...  [9.66466, 8.64435, 9.47294, 7.94556, 8.92052, ...  [0.420572, 0.0869742, 1.21707, 0.353179, 0.116...  [14.1944, 9.99889, 2.04197, 6.56495, 4.01995, ...  [1.25, 1.75, 2.0, 1.75, 1.0, 1.75, 5.5, 3.0, 1...  [0.739987, 0.585246, 0.636515, 0.620141, 0.666...  napedro_L120420_010_SW.mzXML.gz   1857.7000  GIGDWSDSK(UniMod:259)   5.7000              0         523  [522.0, 522.0, 522.0, 522.0, 522.0, 522.0, 522...                 2                0     AQUA4SWATH_HMLangeF_GIGDWSDSK(UniMod:259)/2           119                   9.4      486.7293  AQUA4SWATH_HMLangeF_GIGDWSDSK(Label:13C(6)15N(...  [486.7293, 529.2405, 616.2726, 731.2995, 366.1...      AQUA4SWATH_HMLangeF           5    1898.6700 -8670811102654834151  [1, 1, 1, 1, 2, 1, 2, 1, 1, 1, 1, 2, 1, 2, 1, ...  [0, 0, 0, 0, 0, 0, 0, 0, 0, 0, 0, 0, 0, 0, 0, ...  [0, 0, 0, 0, 0, 0, 0, 0, 0, 0, 0, 0, 0, 0, 0, ...  [4716, 4717, 4718, 4719, 4720, 4721, 4722, 472...  [-1.0, -1.0, -1.0, -1.0, -1.0, -1.0, -1.0, -1....  [-1, 5, 6, 7, 7, 8, 8, 3, 4, 5, 6, 6, 7, 7, 8,...  [5355_UIS_{GIGDWSDSK(Label:13C(6)15N(2))}_486....  [, b, b, b, b, b, b, y, y, y, y, y, y, y, y, y...           GIGDWSDSK
4   [-1^1, b5^1, b6^1, b7^1, b7^2, b8^1, b8^2, y3^... -268.6805  1739.560   745237666153652118                   6493.7774                     66798.4                                    -0.4011                                 0.7500                        16.0151                           4.5817                       0.6404                      7539.0                     53232.0                            3.0                         0.5633                           0.0565                                     0.3089                                 0.5266                       -0.7130                           0.6301                             0.8349                        0.3552                                  0.4363                          1.3366                        1.4128                           0.9671                         6.3286                                 10.9637                         0.0770                           2.8670                                    1.1513                       0.7267                                0.8314                            3.0  [3864.0, 243.0, 2343.0, 833.0, 599.0, 150.0, 5...  [30142.0, 5219.0, 12095.0, 4837.0, 9089.0, 161...  [0.833556, -0.194411, 0.991346, 0.986614, 0.09...  [0.444876, 1.60082, 0.182672, 0.193277, 0.5409...  [10.3137, 8.56006, 9.40055, 8.48405, 9.11482, ...  [1.15817, 0.0, 1.63412, 1.82072, 0.0, 0.803485...  [16.8501, 4.2744, 0.774971, 11.6781, 12.0085, ...  [1.5, 6.75, 1.5, 2.0, 7.25, 1.75, 3.5, 4.0, 1....  [0.628252, 0.457177, 0.663436, 0.687703, 0.499...  napedro_L120420_010_SW.mzXML.gz   1717.7300  GIGDWSDSK(UniMod:259)   1.7038              0         523  [522.0, 522.0, 522.0, 522.0, 522.0, 522.0, 522...                 2                0     AQUA4SWATH_HMLangeF_GIGDWSDSK(UniMod:259)/2           119                   9.4      486.7293  AQUA4SWATH_HMLangeF_GIGDWSDSK(Label:13C(6)15N(...  [486.7293, 529.2405, 616.2726, 731.2995, 366.1...      AQUA4SWATH_HMLangeF           5    1762.1100 -8670811102654834151  [1, 1, 1, 1, 2, 1, 2, 1, 1, 1, 1, 2, 1, 2, 1, ...  [0, 0, 0, 0, 0, 0, 0, 0, 0, 0, 0, 0, 0, 0, 0, ...  [0, 0, 0, 0, 0, 0, 0, 0, 0, 0, 0, 0, 0, 0, 0, ...  [4716, 4717, 4718, 4719, 4720, 4721, 4722, 472...  [-1.0, -1.0, -1.0, -1.0, -1.0, -1.0, -1.0, -1....  [-1, 5, 6, 7, 7, 8, 8, 3, 4, 5, 6, 6, 7, 7, 8,...  [5355_UIS_{GIGDWSDSK(Label:13C(6)15N(2))}_486....  [, b, b, b, b, b, b, y, y, y, y, y, y, y, y, y...           GIGDWSDSK
..                                                ...       ...       ...                  ...                         ...                         ...                                        ...                                    ...                            ...                              ...                          ...                         ...                         ...                            ...                            ...                              ...                                        ...                                    ...                           ...                              ...                                ...                           ...                                     ...                             ...                           ...                              ...                            ...                                     ...                            ...                              ...                                       ...                          ...                                   ...                            ...                                                ...                                                ...                                                ...                                                ...                                                ...                                                ...                                                ...                                                ...                                                ...                              ...         ...                    ...      ...            ...         ...                                                ...               ...              ...                                             ...           ...                   ...           ...                                                ...                                                ...                      ...         ...          ...                  ...                                                ...                                                ...                                                ...                                                ...                                                ...                                                ...                                                ...                                                ...                 ...
95  [-1^1, b4^1, b5^1, b6^1, b7^1, b7^2, y3^1, y4^...  -27.4971  1029.320  1942224637395595189                  97801.6303                    308692.0                                     0.9871                                 0.2984                         0.1115                           0.0000                       0.9736                     20157.0                     61316.0                            6.0                         0.8321                           0.2274                                     0.9917                                 0.0000                        0.9715                           0.9965                             0.0776                        0.0375                                  0.0478                          0.1496                        3.0332                           0.6684                         4.6071                                  4.0603                         0.0059                           0.0000                                    0.0000                       0.9802                                0.9931                            6.0  [22474.0, 1890.0, 776.0, 1109.0, 388.0, 122.0,...  [89251.0, 15348.0, 3511.0, 4951.0, 1926.0, 105...  [0.999015, 0.908682, 0.837048, 0.430887, 0.868...  [0.768088, 0.641799, 0.418814, 0.359784, 0.492...  [11.3992, 9.63874, 8.16366, 8.50735, 7.5632, 6...  [2.85105, 0.510317, 0.490291, 0.962862, 0.6568...  [1.72698, 8.35899, 0.166757, 4.60224, 0.99633,...  [0.0, 4.0, 0.0, 1.0, 0.0, 1.0, 0.0, 0.0, 0.0, ...  [0.959389, 0.776706, 0.922537, 0.847867, 0.753...  napedro_L120420_010_SW.mzXML.gz   1014.2600   ELSAHGIR(UniMod:267) -18.8901              0         355  [354.0, 354.0, 354.0, 354.0, 354.0, 354.0, 354...                 2                0  AQUA4SWATH_Tuberculosis_ELSAHGIR(UniMod:267)/2           284                 -18.3      446.7474  AQUA4SWATH_Tuberculosis_ELSAHGIR(Label:13C(6)1...  [446.7474, 401.2031, 538.262, 595.2835, 708.36...  AQUA4SWATH_Tuberculosis          13    1044.9900 -8670811102654834151  [1, 1, 1, 1, 1, 2, 1, 1, 1, 1, 1, 2, 1, 1, 1, ...  [0, 0, 0, 0, 0, 0, 0, 0, 0, 0, 0, 0, 1, 1, 1, ...  [0, 0, 0, 0, 0, 0, 0, 0, 0, 0, 0, 0, 0, 0, 0, ...  [9084, 9085, 9086, 9087, 9088, 9089, 9090, 909...  [-1.0, -1.0, -1.0, -1.0, -1.0, -1.0, -1.0, -1....  [-1, 4, 5, 6, 7, 7, 3, 4, 5, 6, 7, 7, 4, 5, 6,...  [12488_UIS_{ELSAHGIR(Label:13C(6)15N(4))}_446....  [, b, b, b, b, b, y, y, y, y, y, y, b, b, b, b...            ELSAHGIR
96  [-1^1, b4^1, b5^1, b6^1, b7^1, b7^2, y3^1, y4^...  115.0964  1171.920 -7764563515402306593                   5477.7666                    101295.0                                    -0.4765                                 4.0425                         9.4086                           6.8165                       0.6586                      6163.0                     29743.0                            4.0                         0.7213                           0.1103                                     0.6512                                 0.1368                        0.8924                           0.9564                             0.2794                        0.0979                                  0.1083                          0.3181                        2.0692                           0.8415                        12.4934                                 10.8703                         0.0354                           1.6487                                    0.7321                       0.8223                                0.7979                            2.0  [1456.0, 1966.0, 705.0, 642.0, 161.0, 50.0, 72...  [30740.0, 18134.0, 9433.0, 7032.0, 10624.0, 25...  [0.0202408, 0.99134, -0.00291472, -0.192407, 0...  [3.68338, 0.7294, 1.88511, 0.426791, 2.96894, ...  [10.3333, 9.80554, 9.15197, 8.85823, 9.27087, ...  [0.114379, 0.549742, 0.394336, 0.416237, 0.0, ...  [8.23023, 5.03239, 2.91358, 12.0789, 0.212828,...  [6.0, 0.5, 4.75, 1.5, 5.5, 4.5, 0.25, 1.25, 1....  [0.582055, 0.650879, 0.647511, 0.742702, 0.676...  napedro_L120420_010_SW.mzXML.gz   1150.8199   ELSAHGIR(UniMod:267) -14.7555              0         355  [354.0, 354.0, 354.0, 354.0, 354.0, 354.0, 354...                 2                0  AQUA4SWATH_Tuberculosis_ELSAHGIR(UniMod:267)/2           284                 -18.3      446.7474  AQUA4SWATH_Tuberculosis_ELSAHGIR(Label:13C(6)1...  [446.7474, 401.2031, 538.262, 595.2835, 708.36...  AQUA4SWATH_Tuberculosis          13    1191.7800 -8670811102654834151  [1, 1, 1, 1, 1, 2, 1, 1, 1, 1, 1, 2, 1, 1, 1, ...  [0, 0, 0, 0, 0, 0, 0, 0, 0, 0, 0, 0, 1, 1, 1, ...  [0, 0, 0, 0, 0, 0, 0, 0, 0, 0, 0, 0, 0, 0, 0, ...  [9084, 9085, 9086, 9087, 9088, 9089, 9090, 909...  [-1.0, -1.0, -1.0, -1.0, -1.0, -1.0, -1.0, -1....  [-1, 4, 5, 6, 7, 7, 3, 4, 5, 6, 7, 7, 4, 5, 6,...  [12488_UIS_{ELSAHGIR(Label:13C(6)15N(4))}_446....  [, b, b, b, b, b, y, y, y, y, y, y, b, b, b, b...            ELSAHGIR
97  [-1^1, b4^1, b5^1, b6^1, b7^1, b7^2, y3^1, y4^... -104.8319   951.989  6683827670616364297                   3065.3609                     90071.8                                     0.0487                                 7.4974                        10.5333                           4.7500                       0.5275                      2038.0                     17408.0                            4.0                         0.6326                           0.0646                                     0.5802                                 0.9216                        0.9974                           0.9906                             0.1195                        0.0417                                  0.0508                          0.1398                        0.8800                           0.8703                         6.3620                                  7.2115                         0.0283                           1.5661                                    0.0969                       0.7515                                0.7487                            2.0  [1193.0, 827.0, 395.0, 202.0, 192.0, 292.0, 34...  [28506.0, 12482.0, 5234.0, 5222.0, 1649.0, 260...  [0.482611, -0.411562, -0.198262, -0.741074, -0...  [10.1241, 0.98549, 0.926582, 1.4604, 0.578125,...  [10.2579, 9.43204, 8.56293, 8.56064, 7.40792, ...  [0.0, 0.0, 0.0, 0.0, 0.0, 0.702352, 0.0, 1.427...  [0.353107, 9.55869, 2.85468, 16.6286, 2.44086,...  [5.25, 4.5, 2.5, 3.25, 1.75, 3.25, 2.75, 0.5, ...  [0.459194, 0.394414, 0.665105, 0.727271, 0.368...  napedro_L120420_010_SW.mzXML.gz    925.4980   ELSAHGIR(UniMod:267) -21.1325              0         355  [354.0, 354.0, 354.0, 354.0, 354.0, 354.0, 354...                 2                0  AQUA4SWATH_Tuberculosis_ELSAHGIR(UniMod:267)/2           284                 -18.3      446.7474  AQUA4SWATH_Tuberculosis_ELSAHGIR(Label:13C(6)1...  [446.7474, 401.2031, 538.262, 595.2835, 708.36...  AQUA4SWATH_Tuberculosis          13     976.7060 -8670811102654834151  [1, 1, 1, 1, 1, 2, 1, 1, 1, 1, 1, 2, 1, 1, 1, ...  [0, 0, 0, 0, 0, 0, 0, 0, 0, 0, 0, 0, 1, 1, 1, ...  [0, 0, 0, 0, 0, 0, 0, 0, 0, 0, 0, 0, 0, 0, 0, ...  [9084, 9085, 9086, 9087, 9088, 9089, 9090, 909...  [-1.0, -1.0, -1.0, -1.0, -1.0, -1.0, -1.0, -1....  [-1, 4, 5, 6, 7, 7, 3, 4, 5, 6, 7, 7, 4, 5, 6,...  [12488_UIS_{ELSAHGIR(Label:13C(6)15N(4))}_446....  [, b, b, b, b, b, y, y, y, y, y, y, b, b, b, b...            ELSAHGIR
98  [-1^1, b4^1, b5^1, b6^1, b7^1, b7^2, y3^1, y4^... -263.4743   793.346 -1228055734970925218                   3181.0098                     34393.8                                     0.0615                                 3.7273                        12.3756                           3.7910                       0.4434                      3116.0                     15159.0                            2.0                         0.3104                           0.0562                                     0.9107                                 0.6841                        0.8749                           0.9791                             0.2022                        0.0818                                  0.0955                          0.3046                        1.1003                           1.2542                        13.8434                                  9.7090                         0.0743                           1.7189                                    0.7694                       0.8279                                0.7979                            2.0  [951.0, 1365.0, 202.0, 283.0, 214.0, 171.0, 31...  [10394.0, 11815.0, 4022.0, 3941.0, 1544.0, 130...  [0.829915, 0.72095, -0.465312, -0.300218, 0.68...  [4.11356, 0.724542, 2.11881, 1.00707, 0.327103...  [9.24898, 9.37712, 8.29953, 8.27919, 7.34213, ...  [0.0, 0.284978, 0.0, 0.0, 0.0618412, 0.167261,...  [16.8932, 7.00341, 3.27054, 1.34903, 9.12793, ...  [4.75, 1.25, 3.0, 6.25, 4.75, 0.25, 1.25, 1.25...  [0.480986, 0.76769, 0.576832, 0.385699, 0.3728...  napedro_L120420_010_SW.mzXML.gz    778.7020   ELSAHGIR(UniMod:267) -25.7325              0         355  [354.0, 354.0, 354.0, 354.0, 354.0, 354.0, 354...                 2                0  AQUA4SWATH_Tuberculosis_ELSAHGIR(UniMod:267)/2           284                 -18.3      446.7474  AQUA4SWATH_Tuberculosis_ELSAHGIR(Label:13C(6)1...  [446.7474, 401.2031, 538.262, 595.2835, 708.36...  AQUA4SWATH_Tuberculosis          13     816.2540 -8670811102654834151  [1, 1, 1, 1, 1, 2, 1, 1, 1, 1, 1, 2, 1, 1, 1, ...  [0, 0, 0, 0, 0, 0, 0, 0, 0, 0, 0, 0, 1, 1, 1, ...  [0, 0, 0, 0, 0, 0, 0, 0, 0, 0, 0, 0, 0, 0, 0, ...  [9084, 9085, 9086, 9087, 9088, 9089, 9090, 909...  [-1.0, -1.0, -1.0, -1.0, -1.0, -1.0, -1.0, -1....  [-1, 4, 5, 6, 7, 7, 3, 4, 5, 6, 7, 7, 4, 5, 6,...  [12488_UIS_{ELSAHGIR(Label:13C(6)15N(4))}_446....  [, b, b, b, b, b, y, y, y, y, y, y, b, b, b, b...            ELSAHGIR
99  [-1^1, b4^1, b5^1, b6^1, b7^1, b7^2, y3^1, y4^...  278.3445  1335.170 -5615594150145763451                   2291.1653                     20218.1                                    -0.2873                                 3.4286                         8.3107                           3.1430                       0.5529                       915.0                      5089.0                            4.0                         0.6856                           0.0189                                    -0.0168                                 0.7848                        0.9916                           0.9918                             0.1370                        0.0449                                  0.0468                          0.1321                        0.0287                           0.8193                        10.9871                                  9.8705                         0.0828                           0.4162                                    0.0279                       0.7841                                0.7515                            4.0  [1110.0, 2854.0, 398.0, 716.0, 203.0, 182.0, 6...  [7426.0, 14572.0, 1760.0, 3428.0, 1082.0, 1108...  [0.281324, -0.0233454, -0.344896, 0.747012, 0....  [3.58378, 0.866854, 1.71357, 0.280726, 1.19704...  [8.91274, 9.58686, 7.47307, 8.13973, 6.98657, ...  [0.0, 0.922462, 0.0, 0.525328, 0.00907115, 0.2...  [15.0331, 33.8673, 2.18694, 5.01578, 7.05874, ...  [0.25, 0.75, 0.5, 0.75, 0.25, 0.75, 1.0, 0.0, ...  [0.708517, 0.707527, 0.652748, 0.588676, 0.730...  napedro_L120420_010_SW.mzXML.gz   1324.9200   ELSAHGIR(UniMod:267) -10.0219              0         355  [354.0, 354.0, 354.0, 354.0, 354.0, 354.0, 354...                 2                0  AQUA4SWATH_Tuberculosis_ELSAHGIR(UniMod:267)/2           284                 -18.3      446.7474  AQUA4SWATH_Tuberculosis_ELSAHGIR(Label:13C(6)1...  [446.7474, 401.2031, 538.262, 595.2835, 708.36...  AQUA4SWATH_Tuberculosis          13    1345.4100 -8670811102654834151  [1, 1, 1, 1, 1, 2, 1, 1, 1, 1, 1, 2, 1, 1, 1, ...  [0, 0, 0, 0, 0, 0, 0, 0, 0, 0, 0, 0, 1, 1, 1, ...  [0, 0, 0, 0, 0, 0, 0, 0, 0, 0, 0, 0, 0, 0, 0, ...  [9084, 9085, 9086, 9087, 9088, 9089, 9090, 909...  [-1.0, -1.0, -1.0, -1.0, -1.0, -1.0, -1.0, -1....  [-1, 4, 5, 6, 7, 7, 3, 4, 5, 6, 7, 7, 4, 5, 6,...  [12488_UIS_{ELSAHGIR(Label:13C(6)15N(4))}_446....  [, b, b, b, b, b, y, y, y, y, y, y, b, b, b, b...            ELSAHGIR

[100 rows x 71 columns]
