Peptide Data:
         context     pep  peptide_id  pvalue  qvalue               run_id   score
0   run-specific  0.0031        1032  0.0029  0.0033 -8670811102654834151  5.5917
1   run-specific  0.0031         109  0.0029  0.0033 -8670811102654834151  5.5429
2   run-specific  1.0000        1104  0.4692  0.4692 -8670811102654834151 -0.8438
3   run-specific  0.0031        1109  0.0029  0.0033 -8670811102654834151  5.5651
4   run-specific  0.0031        1119  0.0029  0.0033 -8670811102654834151  5.7493
..           ...     ...         ...     ...     ...                  ...     ...
95  run-specific  1.0000         416  0.4692  0.4692 -8670811102654834151 -2.0239
96  run-specific  0.0031         504  0.0029  0.0033 -8670811102654834151  5.9861
97  run-specific  0.0031         539  0.0029  0.0033 -8670811102654834151  5.8118
98  run-specific  1.0000          54  0.4692  0.4692 -8670811102654834151 -0.7028
99  run-specific  0.0031         573  0.0029  0.0033 -8670811102654834151  5.3412

[100 rows x 7 columns]
