    Charge             FullPeptideName  Intensity                                        ProteinName       RT        Sequence  aggr_prec_Peak_Apex  aggr_prec_Peak_Area  assay_iRT   assay_rt  d_score  decoy  delta_iRT  delta_rt                         filename      iRT                   id  leftWidth  m_score  m_score_protein_experiment_wide  m_score_protein_run_specific        mz  peak_group_rank  rightWidth               run_id  transition_group_id
0        2  ADSTGTLVITDPTR(UniMod:267)   207283.0  AQUA4SWATH_HMLangeA;AQUA4SWATH_HMLangeA;AQUA4S...  2661.55  ADSTGTLVITDPTR          117220.7500             854645.0       26.5  2595.5788   5.7301  False     1.9379   65.9712  napedro_L120420_010_SW.mzXML.gz  28.4379 -4409520928686189639  2640.5100   0.0033                           0.0625                        0.0625  728.8795              1.0   2705.3701 -8670811102654834151                    0
1        2  ADSTGTLVITDPTR(UniMod:267)     6385.0  AQUA4SWATH_HMLangeA;AQUA4SWATH_HMLangeA;AQUA4S...  2605.74  ADSTGTLVITDPTR            8790.7810             104006.0       26.5  2595.5733   1.2404  False     0.3198   10.1667  napedro_L120420_010_SW.mzXML.gz  26.8198   260819276075322832  2575.6399   0.0685                           0.0625                        0.0625  728.8795              2.0   2623.4399 -8670811102654834151                    0
2        2  ADSTGTLVITDPTR(UniMod:267)     3838.0  AQUA4SWATH_HMLangeA;AQUA4SWATH_HMLangeA;AQUA4S...  2708.53  ADSTGTLVITDPTR            5750.4717              73215.2       26.5  2595.5750   0.8151  False     3.3002  112.9550  napedro_L120420_010_SW.mzXML.gz  29.8002  8534214264242363560  2705.3701   0.2018                           0.0625                        0.0625  728.8795              3.0   2736.0901 -8670811102654834151                    0
3        2  ADSTGTLVITDPTR(UniMod:267)     2693.0  AQUA4SWATH_HMLangeA;AQUA4SWATH_HMLangeA;AQUA4S...  2795.06  ADSTGTLVITDPTR            4036.5600              25862.3       26.5  2595.5754   0.6777  False     5.8092  199.4846  napedro_L120420_010_SW.mzXML.gz  32.3092  6932937885234622359  2790.7200   0.2018                           0.0625                        0.0625  728.8795              4.0   2811.2000 -8670811102654834151                    0
4        2  ADSTGTLVITDPTR(UniMod:267)     5180.0  AQUA4SWATH_HMLangeA;AQUA4SWATH_HMLangeA;AQUA4S...  2832.77  ADSTGTLVITDPTR           10419.7430             241873.0       26.5  2595.5778  -0.1013  False     6.9026  237.1922  napedro_L120420_010_SW.mzXML.gz  33.4026  5163914660633416481  2811.2000   0.4692                           0.0625                        0.0625  728.8795              5.0   2855.5801 -8670811102654834151                    0
..     ...                         ...        ...                                                ...      ...             ...                  ...                  ...        ...        ...      ...    ...        ...       ...                              ...      ...                  ...        ...      ...                              ...                           ...       ...              ...         ...                  ...                  ...
95       2      VYVYAVDQTR(UniMod:267)   597887.0  AQUA4SWATH_HMLangeA;AQUA4SWATH_HMLangeA;AQUA4S...  2230.18      VYVYAVDQTR          269150.5600            1192530.0       16.3  2245.2318   5.6532  False    -0.3700  -15.0518  napedro_L120420_010_SW.mzXML.gz  15.9300  6870255268859409918  2213.2600   0.0033                           0.0625                        0.0625  612.3184              1.0   2247.3999 -8670811102654834151                   19
96       2      VYVYAVDQTR(UniMod:267)    16553.0  AQUA4SWATH_HMLangeA;AQUA4SWATH_HMLangeA;AQUA4S...  2317.38      VYVYAVDQTR            9656.7600              89588.0       16.3  2245.2345   0.3846  False     2.1584   72.1455  napedro_L120420_010_SW.mzXML.gz  18.4584  6262215160571261022  2302.0200   0.2507                           0.0625                        0.0625  612.3184              2.0   2332.7400 -8670811102654834151                   19
97       2      VYVYAVDQTR(UniMod:267)    20746.0  AQUA4SWATH_HMLangeA;AQUA4SWATH_HMLangeA;AQUA4S...  2120.97      VYVYAVDQTR           10568.0810              85676.6       16.3  2245.2373   0.3343  False    -3.5368 -124.2673  napedro_L120420_010_SW.mzXML.gz  12.7632  -610141049182829192  2100.6001   0.4000                           0.0625                        0.0625  612.3184              3.0   2141.5701 -8670811102654834151                   19
98       2      VYVYAVDQTR(UniMod:267)    48058.0  AQUA4SWATH_HMLangeA;AQUA4SWATH_HMLangeA;AQUA4S...  2291.53      VYVYAVDQTR            6480.8610              75465.1       16.3  2245.2345  -0.0155  False     1.4088   46.2955  napedro_L120420_010_SW.mzXML.gz  17.7088  2043199813358518344  2267.8799   0.4692                           0.0625                        0.0625  612.3184              4.0   2298.6101 -8670811102654834151                   19
99       2      VYVYAVDQTR(UniMod:267)    10959.0  AQUA4SWATH_HMLangeA;AQUA4SWATH_HMLangeA;AQUA4S...  2538.15      VYVYAVDQTR           10810.2700              56553.9       16.3  2245.2307  -1.8782  False     8.5599  292.9193  napedro_L120420_010_SW.mzXML.gz  24.8599 -5430403952310232561  2520.5100   0.4692                           0.0625                        0.0625  612.3184              5.0   2544.4099 -8670811102654834151                   19

[100 rows x 26 columns]
