             feature_id  ms1_precursor_pep  ms2_peakgroup_pep  ms2_precursor_pep
0  -4409520928686189639             0.0003             0.0031             0.0063
1  -7771919224870429764             0.0003             0.0031             0.0007
2   -797725006165535344             0.0003             0.0031             0.0121
3  -1732939685941081620             0.0003             0.0031             0.0007
4  -6747816958328369759             0.0003             0.0031             0.0007
..                  ...                ...                ...                ...
95  8456519543835731830             0.0003             0.0031             0.0630
96 -1175170067191104098             0.0003             0.0031             0.0063
97  6840593155190879143             0.0003             0.0031             0.0017
98 -6764315401363298084             0.0003             0.0031             0.0007
99  1161581412877623390             0.0003             0.0031             0.0497

[100 rows x 4 columns]
             feature_id     pep  pvalue  qvalue  rank   score  transition_id
0  -4409520928686189639  0.0063  0.0047  0.0016     1  2.1349           1334
1  -4409520928686189639  1.0000  0.6411  0.1162     1 -0.3597           1335
2  -4409520928686189639  1.0000  0.5897  0.1075     1 -0.1966           1336
3  -4409520928686189639  0.0161  0.0121  0.0033     1  1.9360           1337
4  -4409520928686189639  0.2419  0.1084  0.0226     1  1.2209           1343
..                  ...     ...     ...     ...   ...     ...            ...
95 -1732939685941081620  0.0075  0.0056  0.0019     1  2.0916           1451
96 -1732939685941081620  0.0097  0.0075  0.0023     1  2.0680           1455
97 -1732939685941081620  0.5444  0.2206  0.0434     1  0.8410           1456
98 -1732939685941081620  0.3426  0.1477  0.0299     1  1.0588           1457
99 -1732939685941081620  0.0075  0.0056  0.0019     1  2.0930           1461

[100 rows x 7 columns]
             feature_id  pep  peptide_id  precursor_peakgroup_pep  qvalue
0  -9078977811506172301  0.0         305                   0.0031     0.0
1  -9009602369958523731  0.0         309                   0.0031     0.0
2  -8990894093332793487  0.0        1169                   0.0031     0.0
3  -8915955323477460297  0.0        1214                   0.0031     0.0
4  -8858715981476206597  0.0         862                   0.0031     0.0
..                  ...  ...         ...                      ...     ...
95 -4029731266955352788  0.0        1240                   0.0031     0.0
96 -3993387312722337069  0.0         489                   0.0031     0.0
97 -3836935184308268027  0.0         327                   0.0031     0.0
98 -3751206597519588606  0.0         922                   0.0031     0.0
99 -3723393495768556771  0.0        1218                   0.0031     0.0

[100 rows x 5 columns]
