    Charge             FullPeptideName  Intensity                                        ProteinName       RT        Sequence  aggr_prec_Peak_Apex  aggr_prec_Peak_Area  assay_iRT   assay_rt  d_score  decoy  delta_iRT  delta_rt                         filename      iRT                   id  leftWidth  m_score  m_score_peptide_experiment_wide  m_score_peptide_global  m_score_peptide_run_specific        mz  peak_group_rank  rightWidth               run_id  transition_group_id
0        2  ADSTGTLVITDPTR(UniMod:267)   207283.0  AQUA4SWATH_HMLangeA;AQUA4SWATH_HMLangeA;AQUA4S...  2661.55  ADSTGTLVITDPTR            117220.75             854645.0       26.5  2595.5788   5.7301  False     1.9379   65.9712  napedro_L120420_010_SW.mzXML.gz  28.4379 -4409520928686189639    2640.51   0.0033                           0.0033                  0.0033                        0.0033  728.8795              1.0   2705.3701 -8670811102654834151                    0
1        2  ADSTGTLVITDPTR(UniMod:267)   207283.0  AQUA4SWATH_HMLangeA;AQUA4SWATH_HMLangeA;AQUA4S...  2661.55  ADSTGTLVITDPTR            117220.75             854645.0       26.5  2595.5788   5.7301  False     1.9379   65.9712  napedro_L120420_010_SW.mzXML.gz  28.4379 -4409520928686189639    2640.51   0.0033                           0.0033                  0.0033                        0.0033  728.8795              1.0   2705.3701 -8670811102654834151                    0
2        2  ADSTGTLVITDPTR(UniMod:267)   207283.0  AQUA4SWATH_HMLangeA;AQUA4SWATH_HMLangeA;AQUA4S...  2661.55  ADSTGTLVITDPTR            117220.75             854645.0       26.5  2595.5788   5.7301  False     1.9379   65.9712  napedro_L120420_010_SW.mzXML.gz  28.4379 -4409520928686189639    2640.51   0.0033                           0.0033                  0.0033                        0.0033  728.8795              1.0   2705.3701 -8670811102654834151                    0
3        2  ADSTGTLVITDPTR(UniMod:267)   207283.0  AQUA4SWATH_HMLangeA;AQUA4SWATH_HMLangeA;AQUA4S...  2661.55  ADSTGTLVITDPTR            117220.75             854645.0       26.5  2595.5788   5.7301  False     1.9379   65.9712  napedro_L120420_010_SW.mzXML.gz  28.4379 -4409520928686189639    2640.51   0.0033                           0.0033                  0.0033                        0.0033  728.8795              1.0   2705.3701 -8670811102654834151                    0
4        2  ADSTGTLVITDPTR(UniMod:267)   207283.0  AQUA4SWATH_HMLangeA;AQUA4SWATH_HMLangeA;AQUA4S...  2661.55  ADSTGTLVITDPTR            117220.75             854645.0       26.5  2595.5788   5.7301  False     1.9379   65.9712  napedro_L120420_010_SW.mzXML.gz  28.4379 -4409520928686189639    2640.51   0.0033                           0.0033                  0.0033                        0.0033  728.8795              1.0   2705.3701 -8670811102654834151                    0
..     ...                         ...        ...                                                ...      ...             ...                  ...                  ...        ...        ...      ...    ...        ...       ...                              ...      ...                  ...        ...      ...                              ...                     ...                           ...       ...              ...         ...                  ...                  ...
95       2  ADSTGTLVITDPTR(UniMod:267)   207283.0  AQUA4SWATH_HMLangeA;AQUA4SWATH_HMLangeA;AQUA4S...  2661.55  ADSTGTLVITDPTR            117220.75             854645.0       26.5  2595.5788   5.7301  False     1.9379   65.9712  napedro_L120420_010_SW.mzXML.gz  28.4379 -4409520928686189639    2640.51   0.0033                           0.0033                  0.0033                        0.0033  728.8795              1.0   2705.3701 -8670811102654834151                    0
96       2  ADSTGTLVITDPTR(UniMod:267)   207283.0  AQUA4SWATH_HMLangeA;AQUA4SWATH_HMLangeA;AQUA4S...  2661.55  ADSTGTLVITDPTR            117220.75             854645.0       26.5  2595.5788   5.7301  False     1.9379   65.9712  napedro_L120420_010_SW.mzXML.gz  28.4379 -4409520928686189639    2640.51   0.0033                           0.0033                  0.0033                        0.0033  728.8795              1.0   2705.3701 -8670811102654834151                    0
97       2  ADSTGTLVITDPTR(UniMod:267)   207283.0  AQUA4SWATH_HMLangeA;AQUA4SWATH_HMLangeA;AQUA4S...  2661.55  ADSTGTLVITDPTR            117220.75             854645.0       26.5  2595.5788   5.7301  False     1.9379   65.9712  napedro_L120420_010_SW.mzXML.gz  28.4379 -4409520928686189639    2640.51   0.0033                           0.0033                  0.0033                        0.0033  728.8795              1.0   2705.3701 -8670811102654834151                    0
98       2  ADSTGTLVITDPTR(UniMod:267)   207283.0  AQUA4SWATH_HMLangeA;AQUA4SWATH_HMLangeA;AQUA4S...  2661.55  ADSTGTLVITDPTR            117220.75             854645.0       26.5  2595.5788   5.7301  False     1.9379   65.9712  napedro_L120420_010_SW.mzXML.gz  28.4379 -4409520928686189639    2640.51   0.0033                           0.0033                  0.0033                        0.0033  728.8795              1.0   2705.3701 -8670811102654834151                    0
99       2  ADSTGTLVITDPTR(UniMod:267)   207283.0  AQUA4SWATH_HMLangeA;AQUA4SWATH_HMLangeA;AQUA4S...  2661.55  ADSTGTLVITDPTR            117220.75             854645.0       26.5  2595.5788   5.7301  False     1.9379   65.9712  napedro_L120420_010_SW.mzXML.gz  28.4379 -4409520928686189639    2640.51   0.0033                           0.0033                  0.0033                        0.0033  728.8795              1.0   2705.3701 -8670811102654834151                    0

[100 rows x 27 columns]
