Protein Data:
    FEATURE_ID  PROTEIN_ID  SCORE_PROTEIN_GLOBAL_PEP  SCORE_PROTEIN_GLOBAL_P_VALUE  SCORE_PROTEIN_GLOBAL_Q_VALUE  SCORE_PROTEIN_GLOBAL_SCORE
0   6.8549e+18         5.0                    0.3674                        0.0625                        0.0625                      5.8587
1   7.4524e+17         5.0                    0.3674                        0.0625                        0.0625                      5.8587
2   1.0824e+18         8.0                    0.3674                        0.0625                        0.0625                      5.9861
3  -4.5156e+18         8.0                    0.3674                        0.0625                        0.0625                      5.9861
4  -4.0449e+18         8.0                    0.3674                        0.0625                        0.0625                      5.9861
..         ...         ...                       ...                           ...                           ...                         ...
95  7.8859e+18        12.0                    0.3674                        0.0625                        0.0625                      5.9529
96 -4.0718e+18        12.0                    0.3674                        0.0625                        0.0625                      5.9529
97 -1.9584e+17        12.0                    0.3674                        0.0625                        0.0625                      5.9529
98  5.9075e+18        13.0                    0.3674                        0.0625                        0.0625                      5.9682
99 -6.8885e+18        13.0                    0.3674                        0.0625                        0.0625                      5.9682

[100 rows x 6 columns]
