    transition_group_id  decoy               run_id                         filename        RT   assay_rt  delta_rt      iRT  assay_iRT  delta_iRT                   id        Sequence       FullUniModPeptideName  Charge        mz  Intensity  aggr_prec_peak_area  aggr_prec_peak_apex  leftWidth  rightWidth  peak_group_rank  d_score  m_score          ProteinName
0                     0      0 -8670811102654834151  napedro_L120420_010_SW.mzXML.gz  2661.550  2595.5788   65.9712  28.4379       26.5     1.9379 -4409520928686189639  ADSTGTLVITDPTR  ADSTGTLVITDPTR(UniMod:267)       2  728.8795   207283.0           8.5464e+05          117220.7482  2640.5100   2705.3701                1   5.7288   0.0033  AQUA4SWATH_HMLangeA
1                     0      0 -8670811102654834151  napedro_L120420_010_SW.mzXML.gz  2605.740  2595.5733   10.1667  26.8198       26.5     0.3198   260819276075322832  ADSTGTLVITDPTR  ADSTGTLVITDPTR(UniMod:267)       2  728.8795     6385.0           1.0401e+05            8790.7812  2575.6399   2623.4399                2   1.3528   0.0685  AQUA4SWATH_HMLangeA
2                     0      0 -8670811102654834151  napedro_L120420_010_SW.mzXML.gz  2708.530  2595.5750  112.9550  29.8002       26.5     3.3002  8534214264242363560  ADSTGTLVITDPTR  ADSTGTLVITDPTR(UniMod:267)       2  728.8795     3838.0           7.3215e+04            5750.4716  2705.3701   2736.0901                3   0.8631   0.1929  AQUA4SWATH_HMLangeA
3                     0      0 -8670811102654834151  napedro_L120420_010_SW.mzXML.gz  2795.060  2595.5754  199.4846  32.3092       26.5     5.8092  6932937885234622359  ADSTGTLVITDPTR  ADSTGTLVITDPTR(UniMod:267)       2  728.8795     2693.0           2.5862e+04            4036.5600  2790.7200   2811.2000                4   0.6515   0.2278  AQUA4SWATH_HMLangeA
4                     0      0 -8670811102654834151  napedro_L120420_010_SW.mzXML.gz  2832.770  2595.5778  237.1922  33.4026       26.5     6.9026  5163914660633416481  ADSTGTLVITDPTR  ADSTGTLVITDPTR(UniMod:267)       2  728.8795     5180.0           2.4187e+05           10419.7435  2811.2000   2855.5801                5  -0.1329   0.5337  AQUA4SWATH_HMLangeA
5                     1      0 -8670811102654834151  napedro_L120420_010_SW.mzXML.gz  2915.460  2949.3521  -33.8921  35.8003       36.8    -0.9997 -7771919224870429764   ALGYEDATQALGR   ALGYEDATQALGR(UniMod:267)       2  687.8480   356015.0           1.3502e+06          184097.4993  2892.9299   2947.5500                1   5.7283   0.0033  AQUA4SWATH_HMLangeA
6                     1      0 -8670811102654834151  napedro_L120420_010_SW.mzXML.gz  3065.450  2949.3510  116.0990  40.1495       36.8     3.3495 -1618439206596772741   ALGYEDATQALGR   ALGYEDATQALGR(UniMod:267)       2  687.8480    14023.0           1.0445e+05            2301.7830  3043.1399   3087.5200                2   1.2869   0.0685  AQUA4SWATH_HMLangeA
7                     1      0 -8670811102654834151  napedro_L120420_010_SW.mzXML.gz  3238.250  2949.3558  288.8942  45.1599       36.8     8.3599  9173417844487548347   ALGYEDATQALGR   ALGYEDATQALGR(UniMod:267)       2  687.8480     9306.0           6.5173e+04            3238.0957  3207.0100   3247.9700                3  -0.5022   0.5337  AQUA4SWATH_HMLangeA
8                     1      0 -8670811102654834151  napedro_L120420_010_SW.mzXML.gz  2885.930  2949.3534  -63.4234  34.9440       36.8    -1.8560  4932359594612728841   ALGYEDATQALGR   ALGYEDATQALGR(UniMod:267)       2  687.8480     6866.0           7.0488e+04            8025.5601  2869.0300   2889.5100                4  -0.7795   0.5337  AQUA4SWATH_HMLangeA
9                     1      0 -8670811102654834151  napedro_L120420_010_SW.mzXML.gz  3108.690  2949.3492  159.3408  41.4033       36.8     4.6033 -1528523763856537095   ALGYEDATQALGR   ALGYEDATQALGR(UniMod:267)       2  687.8480     7875.0           5.5320e+04            3486.5153  3087.5200   3125.0701                5  -1.1562   0.5337  AQUA4SWATH_HMLangeA
10                    2      0 -8670811102654834151  napedro_L120420_010_SW.mzXML.gz  2401.280  2341.4023   59.8777  20.8913       19.1     1.7913  -797725006165535344   APIPTALDTDSSK   APIPTALDTDSSK(UniMod:259)       2  662.3477   446618.0           1.9829e+06          384029.0662  2384.1599   2428.5400                1   5.4337   0.0033  AQUA4SWATH_HMLangeA
11                    2      0 -8670811102654834151  napedro_L120420_010_SW.mzXML.gz  2367.050  2341.4036   25.6464  19.8987       19.1     0.7987  8285713993220047291   APIPTALDTDSSK   APIPTALDTDSSK(UniMod:259)       2  662.3477    25478.0           1.2145e+06           16770.3620  2322.7000   2370.5000                2   0.9561   0.1929  AQUA4SWATH_HMLangeA
12                    2      0 -8670811102654834151  napedro_L120420_010_SW.mzXML.gz  2457.210  2341.4108  115.7992  22.5128       19.1     3.4128 -5813278779056481050   APIPTALDTDSSK   APIPTALDTDSSK(UniMod:259)       2  662.3477    16934.0           1.1999e+05           13798.4282  2442.1899   2483.1599                3  -1.1576   0.5337  AQUA4SWATH_HMLangeA
13                    2      0 -8670811102654834151  napedro_L120420_010_SW.mzXML.gz  2277.320  2341.4096  -64.0896  17.2967       19.1    -1.8033   314311909921658632   APIPTALDTDSSK   APIPTALDTDSSK(UniMod:259)       2  662.3477    34563.0           1.7822e+05           30118.4404  2257.8401   2291.9800                4  -1.4500   0.5337  AQUA4SWATH_HMLangeA
14                    2      0 -8670811102654834151  napedro_L120420_010_SW.mzXML.gz  2168.540  2341.4109 -172.8709  14.1425       19.1    -4.9575   -97604496219386069   APIPTALDTDSSK   APIPTALDTDSSK(UniMod:259)       2  662.3477    86118.0           1.4071e+05           16052.5678  2145.1799   2196.3899                5  -2.0121   0.5337  AQUA4SWATH_HMLangeA
15                    3      0 -8670811102654834151  napedro_L120420_010_SW.mzXML.gz  1440.970  1417.4678   23.5022  -6.9541       -7.8     0.8459  8126738070040012582       DAVNDITAK       DAVNDITAK(UniMod:259)       2  477.7527   550550.0           1.7190e+06          346652.2688  1420.7200   1461.6899                1   5.6990   0.0033  AQUA4SWATH_HMLangeA
16                    3      0 -8670811102654834151  napedro_L120420_010_SW.mzXML.gz  1399.460  1417.4640  -18.0040  -8.1576       -7.8    -0.3576 -1776048885737895349       DAVNDITAK       DAVNDITAK(UniMod:259)       2  477.7527     9087.0           2.9226e+04            4199.7868  1386.5800   1407.0601                2   1.3882   0.0685  AQUA4SWATH_HMLangeA
17                    3      0 -8670811102654834151  napedro_L120420_010_SW.mzXML.gz  1498.300  1417.4709   80.8291  -5.2918       -7.8     2.5082    -2964685333120901       DAVNDITAK       DAVNDITAK(UniMod:259)       2  477.7527    16487.0           6.8175e+04            8977.3591  1475.3400   1519.7200                3  -0.0205   0.5337  AQUA4SWATH_HMLangeA
18                    3      0 -8670811102654834151  napedro_L120420_010_SW.mzXML.gz  1379.860  1417.4644  -37.6044  -8.7259       -7.8    -0.9259  3148606271787840557       DAVNDITAK       DAVNDITAK(UniMod:259)       2  477.7527    13278.0           3.9047e+04            4975.0670  1349.0300   1386.5800                4  -0.5427   0.5337  AQUA4SWATH_HMLangeA
19                    3      0 -8670811102654834151  napedro_L120420_010_SW.mzXML.gz  1222.180  1417.4628 -195.2828 -13.2980       -7.8    -5.4980  4042037459888573790       DAVNDITAK       DAVNDITAK(UniMod:259)       2  477.7527     4862.0           3.3378e+04            5904.1374  1215.8800   1243.1899                5  -1.1449   0.5337  AQUA4SWATH_HMLangeA
20                    4      0 -8670811102654834151  napedro_L120420_010_SW.mzXML.gz  4736.910  4711.3648   25.5452  88.6151       88.1     0.5151 -1732939685941081620     DITAFDETLFR     DITAFDETLFR(UniMod:267)       2  669.3342   316323.0           5.6932e+05           89199.6087  4715.8398   4770.4702                1   5.8681   0.0033  AQUA4SWATH_HMLangeA
21                    4      0 -8670811102654834151  napedro_L120420_010_SW.mzXML.gz  4777.560  4711.3628   66.1972  89.7939       88.1     1.6939 -1299945717078979920     DITAFDETLFR     DITAFDETLFR(UniMod:267)       2  669.3342     4916.0           1.4235e+04            2787.2405  4773.8799   4790.9502                2   0.9387   0.1929  AQUA4SWATH_HMLangeA
22                    4      0 -8670811102654834151  napedro_L120420_010_SW.mzXML.gz  4618.810  4711.3651  -92.5551  85.1907       88.1    -2.9093  3978035690434740829     DITAFDETLFR     DITAFDETLFR(UniMod:267)       2  669.3342     6654.0           4.9404e+04            6259.7971  4592.9399   4627.0801                3  -0.8608   0.5337  AQUA4SWATH_HMLangeA
23                    4      0 -8670811102654834151  napedro_L120420_010_SW.mzXML.gz  4694.180  4711.3621  -17.1821  87.3762       88.1    -0.7238 -2776243016438776881     DITAFDETLFR     DITAFDETLFR(UniMod:267)       2  669.3342     6422.0           3.0436e+04            3414.7566  4678.2900   4705.6001                4  -1.8116   0.5337  AQUA4SWATH_HMLangeA
24                    4      0 -8670811102654834151  napedro_L120420_010_SW.mzXML.gz  4551.250  4711.3638 -160.1138  83.2318       88.1    -4.8682   782684869511957854     DITAFDETLFR     DITAFDETLFR(UniMod:267)       2  669.3342    45745.0           2.4528e+04            3389.6989  4528.0801   4572.4600                5  -2.6233   0.5337  AQUA4SWATH_HMLangeA
25                    5      0 -8670811102654834151  napedro_L120420_010_SW.mzXML.gz  2191.900  2179.9784   11.9216  14.8199       14.4     0.4199 -6747816958328369759  DLGPALADSSHDVK  DLGPALADSSHDVK(UniMod:259)       2  716.8615    99909.0           4.8404e+05           60653.3969  2162.4600   2220.4900                1   5.7329   0.0033  AQUA4SWATH_HMLangeA
26                    5      0 -8670811102654834151  napedro_L120420_010_SW.mzXML.gz  2319.210  2179.9751  139.2349  18.5114       14.4     4.1114 -3796004822510395804  DLGPALADSSHDVK  DLGPALADSSHDVK(UniMod:259)       2  716.8615     2192.0           5.8974e+03             889.3322  2305.8401   2322.9099                2   0.6193   0.2278  AQUA4SWATH_HMLangeA
27                    5      0 -8670811102654834151  napedro_L120420_010_SW.mzXML.gz  2230.350  2179.9709   50.3791  15.9350       14.4     1.5350 -7351287175690601893  DLGPALADSSHDVK  DLGPALADSSHDVK(UniMod:259)       2  716.8615     4150.0           4.7318e+04            5054.0526  2220.4900   2247.8101                3   0.0174   0.5337  AQUA4SWATH_HMLangeA
28                    5      0 -8670811102654834151  napedro_L120420_010_SW.mzXML.gz  2414.670  2179.9780  234.6920  21.2793       14.4     6.8793 -7430540705360357638  DLGPALADSSHDVK  DLGPALADSSHDVK(UniMod:259)       2  716.8615    46429.0           1.8027e+04            1472.8326  2401.4299   2438.9800                4  -1.5804   0.5337  AQUA4SWATH_HMLangeA
29                    5      0 -8670811102654834151  napedro_L120420_010_SW.mzXML.gz  2376.750  2179.9764  196.7736  20.1798       14.4     5.7798  8908308585569243591  DLGPALADSSHDVK  DLGPALADSSHDVK(UniMod:259)       2  716.8615     7162.0           1.1654e+05           18944.3957  2353.6399   2387.7800                5  -2.4690   0.5337  AQUA4SWATH_HMLangeA
30                    6      0 -8670811102654834151  napedro_L120420_010_SW.mzXML.gz  1173.660  1115.2105   58.4495 -14.7049      -16.6     1.8951 -8456918486669709513        DPSTALDR        DPSTALDR(UniMod:267)       2  442.7210   384252.0           1.4979e+06          338975.1848  1154.2300   1191.7800                1   5.5532   0.0033  AQUA4SWATH_HMLangeA
31                    6      0 -8670811102654834151  napedro_L120420_010_SW.mzXML.gz  1210.930  1115.2154   95.7146 -13.6244      -16.6     2.9756 -5227790498486146112        DPSTALDR        DPSTALDR(UniMod:267)       2  442.7210    14175.0           4.6761e+04            5592.7761  1202.0200   1229.3400                2   0.1472   0.4029  AQUA4SWATH_HMLangeA
32                    6      0 -8670811102654834151  napedro_L120420_010_SW.mzXML.gz  1369.300  1115.2060  254.0940  -9.0320      -16.6     7.5680 -6670424574077810066        DPSTALDR        DPSTALDR(UniMod:267)       2  442.7210   271923.0           5.3215e+04            4699.4162  1352.2400   1389.7900                3  -0.9676   0.5337  AQUA4SWATH_HMLangeA
33                    6      0 -8670811102654834151  napedro_L120420_010_SW.mzXML.gz   946.629  1115.2109 -168.5819 -21.2879      -16.6    -4.6879 -7915076791408573751        DPSTALDR        DPSTALDR(UniMod:267)       2  442.7210    10893.0           6.2706e+04            8128.1946   935.7420    966.4660                4  -1.2774   0.5337  AQUA4SWATH_HMLangeA
34                    6      0 -8670811102654834151  napedro_L120420_010_SW.mzXML.gz  1250.880  1115.2128  135.6672 -12.4659      -16.6     4.1341 -1406540521250133799        DPSTALDR        DPSTALDR(UniMod:267)       2  442.7210    15102.0           5.3324e+04            4148.0293  1229.3400   1263.4700                5  -2.0853   0.5337  AQUA4SWATH_HMLangeA
35                    7      0 -8670811102654834151  napedro_L120420_010_SW.mzXML.gz   367.524   311.4861   56.0379 -38.0797      -40.0     1.9203 -7157712673420189723      DSSSSNVEGR      DSSSSNVEGR(UniMod:267)       2  524.2325    55983.0           7.2722e+05          203732.3972   352.3690    383.0950                1   5.1113   0.0033  AQUA4SWATH_HMLangeA
36                    7      0 -8670811102654834151  napedro_L120420_010_SW.mzXML.gz   451.620   311.4856  140.1344 -35.6412      -40.0     4.3588  9015178141504826202      DSSSSNVEGR      DSSSSNVEGR(UniMod:267)       2  524.2325     3630.0           1.6603e+04            1488.2321   434.3030    468.4450                2   3.1693   0.0091  AQUA4SWATH_HMLangeA
37                    7      0 -8670811102654834151  napedro_L120420_010_SW.mzXML.gz   421.955   311.4856  110.4694 -36.5014      -40.0     3.4986   723982225950312637      DSSSSNVEGR      DSSSSNVEGR(UniMod:267)       2  524.2325     1292.0           1.4698e+04            1287.7657   406.9910    434.3030                3   0.3376   0.4029  AQUA4SWATH_HMLangeA
38                    7      0 -8670811102654834151  napedro_L120420_010_SW.mzXML.gz   477.643   311.4854  166.1576 -34.8867      -40.0     5.1133 -7046881334753258733      DSSSSNVEGR      DSSSSNVEGR(UniMod:267)       2  524.2325     1684.0           4.7461e+03             505.7474   471.8580    495.7550                4   0.2898   0.4029  AQUA4SWATH_HMLangeA
39                    7      0 -8670811102654834151  napedro_L120420_010_SW.mzXML.gz   565.839   311.4853  254.3537 -32.3293      -40.0     7.6707  2052833597205112362      DSSSSNVEGR      DSSSSNVEGR(UniMod:267)       2  524.2325     2574.0           8.1449e+03            1111.8277   546.9630    584.5160                5  -1.1652   0.5337  AQUA4SWATH_HMLangeA
40                    8      0 -8670811102654834151  napedro_L120420_010_SW.mzXML.gz  3434.050  3461.1255  -27.0755  50.8374       51.7    -0.8626   909047282828920049      FIDSTFLEQK      FIDSTFLEQK(UniMod:259)       2  618.3235   451759.0           1.8778e+06          298339.6957  3411.5400   3462.7400                1   5.1279   0.0033  AQUA4SWATH_HMLangeA
41                    8      0 -8670811102654834151  napedro_L120420_010_SW.mzXML.gz  3302.320  3461.1258 -158.8058  47.0177       51.7    -4.6823  3297791041258814377      FIDSTFLEQK      FIDSTFLEQK(UniMod:259)       2  618.3235    34425.0           1.5332e+05           13501.1144  3278.3899   3326.1899                2   0.6428   0.2278  AQUA4SWATH_HMLangeA
42                    8      0 -8670811102654834151  napedro_L120420_010_SW.mzXML.gz  3507.780  3461.1242   46.6558  52.9753       51.7     1.2753 -3359701154739280860      FIDSTFLEQK      FIDSTFLEQK(UniMod:259)       2  618.3235    22869.0           5.9798e+04            3885.5112  3490.0500   3527.6101                3   0.1640   0.4029  AQUA4SWATH_HMLangeA
43                    8      0 -8670811102654834151  napedro_L120420_010_SW.mzXML.gz  3333.940  3461.1232 -127.1832  47.9347       51.7    -3.7653  2927472718507486036      FIDSTFLEQK      FIDSTFLEQK(UniMod:259)       2  618.3235    27319.0           9.3758e+04           19733.6316  3326.1899   3353.5000                4   0.0471   0.5337  AQUA4SWATH_HMLangeA
44                    8      0 -8670811102654834151  napedro_L120420_010_SW.mzXML.gz  3482.730  3461.1250   21.6050  52.2489       51.7     0.5489  2360529985602968790      FIDSTFLEQK      FIDSTFLEQK(UniMod:259)       2  618.3235    19451.0           1.4563e+05           20061.3988  3462.7400   3490.0500                5  -1.5592   0.5337  AQUA4SWATH_HMLangeA
45                    9      0 -8670811102654834151  napedro_L120420_010_SW.mzXML.gz  3521.800  3526.3893   -4.5893  53.3817       53.6    -0.2183  6400444969311086032   GDETIVNLIHSTR   GDETIVNLIHSTR(UniMod:267)       2  732.8877     3743.0           1.1023e+04            2166.3226  3514.4600   3534.9500                1  -0.0969   0.5337  AQUA4SWATH_HMLangeA
46                    9      0 -8670811102654834151  napedro_L120420_010_SW.mzXML.gz  3750.890  3526.3874  224.5026  60.0244       53.6     6.4244 -7209674774705266091   GDETIVNLIHSTR   GDETIVNLIHSTR(UniMod:267)       2  732.8877    14671.0           8.0485e+04            9115.5016  3726.1201   3767.0901                2  -0.4808   0.5337  AQUA4SWATH_HMLangeA
47                    9      0 -8670811102654834151  napedro_L120420_010_SW.mzXML.gz  3386.890  3526.3839 -139.4939  49.4700       53.6    -4.1300  4449805631192117393   GDETIVNLIHSTR   GDETIVNLIHSTR(UniMod:267)       2  732.8877    17019.0           3.8205e+04            2012.7582  3374.4900   3429.1101                3  -0.4892   0.5337  AQUA4SWATH_HMLangeA
48                    9      0 -8670811102654834151  napedro_L120420_010_SW.mzXML.gz  3491.120  3526.3856  -35.2656  52.4922       53.6    -1.1078 -7375998436462121244   GDETIVNLIHSTR   GDETIVNLIHSTR(UniMod:267)       2  732.8877    33079.0           2.7502e+04            1878.1681  3473.5000   3514.4600                4  -0.6669   0.5337  AQUA4SWATH_HMLangeA
49                    9      0 -8670811102654834151  napedro_L120420_010_SW.mzXML.gz  3818.800  3526.3838  292.4162  61.9937       53.6     8.3937  -256783652545410609   GDETIVNLIHSTR   GDETIVNLIHSTR(UniMod:267)       2  732.8877    17231.0           4.0350e+04            4338.5894  3787.5701   3825.1299                5  -3.5467   0.5337  AQUA4SWATH_HMLangeA
50                   10      0 -8670811102654834151  napedro_L120420_010_SW.mzXML.gz  2495.570  2540.6162  -45.0462  23.6253       24.9    -1.2747  4720807159587805741      GSDYSEILDK      GSDYSEILDK(UniMod:259)       2  567.7739   252688.0           1.2240e+06          167205.7302  2469.1001   2516.8899                1   5.2161   0.0033  AQUA4SWATH_HMLangeA
51                   10      0 -8670811102654834151  napedro_L120420_010_SW.mzXML.gz  2280.220  2540.6212 -260.4012  17.3809       24.9    -7.5191  6382066294312914243      GSDYSEILDK      GSDYSEILDK(UniMod:259)       2  567.7739    37276.0           2.7677e+05           50411.8438  2254.0200   2308.6399                2   1.9261   0.0210  AQUA4SWATH_HMLangeA
52                   10      0 -8670811102654834151  napedro_L120420_010_SW.mzXML.gz  2750.260  2540.6161  209.6439  31.0103       24.9     6.1103  8519237720456765864      GSDYSEILDK      GSDYSEILDK(UniMod:259)       2  567.7739    36571.0           1.5044e+05            4609.6415  2697.8301   2769.5200                3  -0.0173   0.5337  AQUA4SWATH_HMLangeA
53                   10      0 -8670811102654834151  napedro_L120420_010_SW.mzXML.gz  2408.690  2540.6240 -131.9340  21.1059       24.9    -3.7941  2871927984495439004      GSDYSEILDK      GSDYSEILDK(UniMod:259)       2  567.7739    19322.0           1.0465e+05            7960.5723  2397.4099   2431.5500                4  -0.2684   0.5337  AQUA4SWATH_HMLangeA
54                   10      0 -8670811102654834151  napedro_L120420_010_SW.mzXML.gz  2829.680  2540.6202  289.0598  33.3131       24.9     8.4131 -5499366907757661588      GSDYSEILDK      GSDYSEILDK(UniMod:259)       2  567.7739    19379.0           4.6551e+04            2943.0176  2810.4900   2837.8000                5  -1.8134   0.5337  AQUA4SWATH_HMLangeA
55                   11      0 -8670811102654834151  napedro_L120420_010_SW.mzXML.gz  3481.430  3419.9049   61.5251  52.2113       50.5     1.7113  3920920215568753829  GVVDSDDLPLDVSR  GVVDSDDLPLDVSR(UniMod:267)       2  748.8770    90903.0           4.3484e+05           81639.6717  3463.2500   3504.2200                1   5.4520   0.0033  AQUA4SWATH_HMLangeA
56                   11      0 -8670811102654834151  napedro_L120420_010_SW.mzXML.gz  3419.900  3419.9112   -0.0112  50.4270       50.5    -0.0730  -243528514796619753  GVVDSDDLPLDVSR  GVVDSDDLPLDVSR(UniMod:267)       2  748.8770     3376.0           4.6229e+04            6160.3130  3415.4600   3432.5300                2   0.3536   0.4029  AQUA4SWATH_HMLangeA
57                   11      0 -8670811102654834151  napedro_L120420_010_SW.mzXML.gz  3525.060  3419.9047  105.1553  53.4764       50.5     2.9764 -1447120893731037741  GVVDSDDLPLDVSR  GVVDSDDLPLDVSR(UniMod:267)       2  748.8770    26069.0           9.9603e+04            7965.0501  3504.2200   3558.8401                3   0.1402   0.4029  AQUA4SWATH_HMLangeA
58                   11      0 -8670811102654834151  napedro_L120420_010_SW.mzXML.gz  3399.610  3419.9076  -20.2976  49.8388       50.5    -0.6612 -4884671944487682163  GVVDSDDLPLDVSR  GVVDSDDLPLDVSR(UniMod:267)       2  748.8770     7300.0           2.1229e+04            2100.6774  3367.6599   3408.6299                4  -0.9854   0.5337  AQUA4SWATH_HMLangeA
59                   11      0 -8670811102654834151  napedro_L120420_010_SW.mzXML.gz  3580.990  3419.9050  161.0850  55.0982       50.5     4.5982 -4666816392909959620  GVVDSDDLPLDVSR  GVVDSDDLPLDVSR(UniMod:267)       2  748.8770     5593.0           1.7779e+04            1076.2317  3572.5000   3599.8101                5  -1.2736   0.5337  AQUA4SWATH_HMLangeA
60                   12      0 -8670811102654834151  napedro_L120420_010_SW.mzXML.gz   341.463   201.5743  139.8887 -38.8353      -43.2     4.3647 -5456312627463839730         HQDQTLR         HQDQTLR(UniMod:267)       2  454.2346    98137.0           5.6694e+05          230614.5229   328.1660    355.4770                1   5.1948   0.0033  AQUA4SWATH_HMLangeA
61                   12      0 -8670811102654834151  napedro_L120420_010_SW.mzXML.gz   383.034   201.5748  181.4592 -37.6300      -43.2     5.5700 -6757807073962464510         HQDQTLR         HQDQTLR(UniMod:267)       2  454.2346     2060.0           8.4656e+03             723.8491   365.7210    396.4450                2  -0.6022   0.5337  AQUA4SWATH_HMLangeA
62                   12      0 -8670811102654834151  napedro_L120420_010_SW.mzXML.gz   423.756   201.5747  222.1813 -36.4492      -43.2     6.7508  4019396289319566801         HQDQTLR         HQDQTLR(UniMod:267)       2  454.2346     1013.0           7.1774e+03            1348.6278   410.0990    437.4130                3  -1.4340   0.5337  AQUA4SWATH_HMLangeA
63                   12      0 -8670811102654834151  napedro_L120420_010_SW.mzXML.gz   460.808   201.5750  259.2330 -35.3748      -43.2     7.8252  2588054891423010465         HQDQTLR         HQDQTLR(UniMod:267)       2  454.2346     1612.0           1.1318e+04             871.6292   457.8980    478.3800                4  -2.2534   0.5337  AQUA4SWATH_HMLangeA
64                   12      0 -8670811102654834151  napedro_L120420_010_SW.mzXML.gz   297.277   201.5750   95.7020 -40.1166      -43.2     3.0834  2611313370079753319         HQDQTLR         HQDQTLR(UniMod:267)       2  454.2346      190.0           2.4372e+03              51.5353   276.9580    307.6810                5  -6.0014   0.5337  AQUA4SWATH_HMLangeA
65                   13      0 -8670811102654834151  napedro_L120420_010_SW.mzXML.gz   910.087   809.5202  100.5668 -22.3475      -25.5     3.1525  4740019019339373828       IQTSDVTNK       IQTSDVTNK(UniMod:259)       2  507.2713   320139.0           1.6813e+06          433416.9091   895.0790    925.8040                1   5.3324   0.0033  AQUA4SWATH_HMLangeA
66                   13      0 -8670811102654834151  napedro_L120420_010_SW.mzXML.gz   804.421   809.5202   -5.0992 -25.4114      -25.5     0.0886  7048530768249887761       IQTSDVTNK       IQTSDVTNK(UniMod:259)       2  507.2713    25534.0           3.7220e+04            3270.6506   785.8350    819.9730                2   1.5806   0.0567  AQUA4SWATH_HMLangeA
67                   13      0 -8670811102654834151  napedro_L120420_010_SW.mzXML.gz   848.023   809.5202   38.5028 -24.1471      -25.5     1.3529 -3343056257514360121       IQTSDVTNK       IQTSDVTNK(UniMod:259)       2  507.2713     7179.0           2.6375e+04            4599.1086   833.6300    860.9410                3   0.1690   0.4029  AQUA4SWATH_HMLangeA
68                   13      0 -8670811102654834151  napedro_L120420_010_SW.mzXML.gz   663.661   809.5207 -145.8597 -29.4929      -25.5    -3.9929 -2816299503724901277       IQTSDVTNK       IQTSDVTNK(UniMod:259)       2  507.2713    14604.0           2.7205e+04            1705.4277   645.8650    686.8310                4  -0.5419   0.5337  AQUA4SWATH_HMLangeA
69                   13      0 -8670811102654834151  napedro_L120420_010_SW.mzXML.gz  1066.100   809.5224  256.5776 -17.8238      -25.5     7.6762 -2306936696243149465       IQTSDVTNK       IQTSDVTNK(UniMod:259)       2  507.2713    58512.0           1.0000e+06           84929.3166  1041.8800   1089.6700                5  -0.7479   0.5337  AQUA4SWATH_HMLangeA
70                   14      0 -8670811102654834151  napedro_L120420_010_SW.mzXML.gz  1455.990  1407.1585   48.8315  -6.5184       -8.1     1.5816  2301101510927918633       LEDSTAPIR       LEDSTAPIR(UniMod:267)       2  506.2709   503049.0           1.4498e+06          330196.7683  1441.3000   1472.0300                1   5.4735   0.0033  AQUA4SWATH_HMLangeA
71                   14      0 -8670811102654834151  napedro_L120420_010_SW.mzXML.gz  1423.550  1407.1627   16.3873  -7.4591       -8.1     0.6409 -9059007664292712863       LEDSTAPIR       LEDSTAPIR(UniMod:267)       2  506.2709     8256.0           1.3791e+05           25889.7351  1407.1700   1427.6500                2   2.7494   0.0120  AQUA4SWATH_HMLangeA
72                   14      0 -8670811102654834151  napedro_L120420_010_SW.mzXML.gz  1652.460  1407.1628  245.2972  -0.8217       -8.1     7.2783  6344853824089971831       LEDSTAPIR       LEDSTAPIR(UniMod:267)       2  506.2709     8195.0           1.3800e+05           11688.9807  1632.4800   1676.8600                3  -0.2747   0.5337  AQUA4SWATH_HMLangeA
73                   14      0 -8670811102654834151  napedro_L120420_010_SW.mzXML.gz  1518.000  1407.1656  110.8344  -4.7206       -8.1     3.3794  3700650458871096740       LEDSTAPIR       LEDSTAPIR(UniMod:267)       2  506.2709    19898.0           2.2386e+05           11104.6481  1509.5800   1560.7900                4  -0.3132   0.5337  AQUA4SWATH_HMLangeA
74                   14      0 -8670811102654834151  napedro_L120420_010_SW.mzXML.gz  1604.240  1407.1599  197.0801  -2.2198       -8.1     5.8802  -938668788838332474       LEDSTAPIR       LEDSTAPIR(UniMod:267)       2  506.2709    15920.0           2.2222e+05            9082.3308  1577.8600   1629.0699                5  -2.4624   0.5337  AQUA4SWATH_HMLangeA
75                   15      0 -8670811102654834151  napedro_L120420_010_SW.mzXML.gz  2492.820  2523.4473  -30.6273  23.5454       24.4    -0.8546 -1640064902339918943     LNTIYQNDLTK     LNTIYQNDLTK(UniMod:259)       2  665.8583   397659.0           1.5433e+06          237457.7602  2469.5000   2513.8899                1   5.6946   0.0033  AQUA4SWATH_HMLangeA
76                   15      0 -8670811102654834151  napedro_L120420_010_SW.mzXML.gz  2705.950  2523.4483  182.5017  29.7253       24.4     5.3253 -1007734361656491344     LNTIYQNDLTK     LNTIYQNDLTK(UniMod:259)       2  665.8583    20010.0           6.7660e+04            5245.4529  2681.1599   2725.5500                2   1.8282   0.0567  AQUA4SWATH_HMLangeA
77                   15      0 -8670811102654834151  napedro_L120420_010_SW.mzXML.gz  2383.180  2523.4442 -140.2642  20.3664       24.4    -4.0336  7763158692599182032     LNTIYQNDLTK     LNTIYQNDLTK(UniMod:259)       2  665.8583    54283.0           5.8535e+04            3028.3946  2360.2600   2401.2300                3  -0.1908   0.5337  AQUA4SWATH_HMLangeA
78                   15      0 -8670811102654834151  napedro_L120420_010_SW.mzXML.gz  2440.940  2523.4473  -82.5073  22.0411       24.4    -2.3589 -3889642487993277741     LNTIYQNDLTK     LNTIYQNDLTK(UniMod:259)       2  665.8583   127773.0           6.9642e+04            5582.9573  2421.7100   2469.5000                4  -0.4360   0.5337  AQUA4SWATH_HMLangeA
79                   15      0 -8670811102654834151  napedro_L120420_010_SW.mzXML.gz  2339.760  2523.4426 -183.6826  19.1074       24.4    -5.2926 -1599617118749158916     LNTIYQNDLTK     LNTIYQNDLTK(UniMod:259)       2  665.8583    67174.0           6.4879e+04            3370.8413  2309.0500   2360.2600                5  -2.8233   0.5337  AQUA4SWATH_HMLangeA
80                   16      0 -8670811102654834151  napedro_L120420_010_SW.mzXML.gz  2247.730  2276.1507  -28.4207  16.4387       17.2    -0.7613 -5529423995339000099   SVLEDTTSYEEAK   SVLEDTTSYEEAK(UniMod:259)       2  740.3507   170083.0           7.9178e+05          169233.5806  2230.8401   2268.3899                1   5.7823   0.0033  AQUA4SWATH_HMLangeA
81                   16      0 -8670811102654834151  napedro_L120420_010_SW.mzXML.gz  2309.210  2276.1425   33.0675  18.2216       17.2     1.0216  3157293529664391770   SVLEDTTSYEEAK   SVLEDTTSYEEAK(UniMod:259)       2  740.3507     8587.0           5.7851e+04            5123.2287  2288.8701   2333.2500                2   1.5809   0.0567  AQUA4SWATH_HMLangeA
82                   16      0 -8670811102654834151  napedro_L120420_010_SW.mzXML.gz  2358.380  2276.1436   82.2364  19.6473       17.2     2.4473 -5928830376971727394   SVLEDTTSYEEAK   SVLEDTTSYEEAK(UniMod:259)       2  740.3507     4486.0           2.2144e+04            2360.6850  2340.0801   2381.0500                3  -0.8539   0.5337  AQUA4SWATH_HMLangeA
83                   16      0 -8670811102654834151  napedro_L120420_010_SW.mzXML.gz  2149.690  2276.1474 -126.4574  13.5960       17.2    -3.6040  7562918281900669287   SVLEDTTSYEEAK   SVLEDTTSYEEAK(UniMod:259)       2  740.3507     4076.0           3.5962e+04            3993.3486  2142.0801   2176.2200                4  -1.1796   0.5337  AQUA4SWATH_HMLangeA
84                   16      0 -8670811102654834151  napedro_L120420_010_SW.mzXML.gz  2212.370  2276.1507  -63.7807  15.4134       17.2    -1.7866  8519361793705099427   SVLEDTTSYEEAK   SVLEDTTSYEEAK(UniMod:259)       2  740.3507     2369.0           2.6250e+05           57804.3977  2200.1101   2220.6001                5  -2.0800   0.5337  AQUA4SWATH_HMLangeA
85                   17      0 -8670811102654834151  napedro_L120420_010_SW.mzXML.gz  1329.960  1372.8134  -42.8534 -10.1728       -9.1    -1.0728  7809402182970292929    SWATGSPDSSNR    SWATGSPDSSNR(UniMod:267)       2  637.7854   196462.0           5.0591e+05          120743.1922  1312.0800   1346.2200                1   5.7513   0.0033  AQUA4SWATH_HMLangeA
86                   17      0 -8670811102654834151  napedro_L120420_010_SW.mzXML.gz  1300.200  1372.8118  -72.6118 -11.0357       -9.1    -1.9357   802770302323437186    SWATGSPDSSNR    SWATGSPDSSNR(UniMod:267)       2  637.7854     3760.0           1.3029e+04            3468.1678  1288.1899   1305.2600                2   3.7643   0.0062  AQUA4SWATH_HMLangeA
87                   17      0 -8670811102654834151  napedro_L120420_010_SW.mzXML.gz  1360.550  1372.8135  -12.2635  -9.2858       -9.1    -0.1858  6019417194465506595    SWATGSPDSSNR    SWATGSPDSSNR(UniMod:267)       2  637.7854     3715.0           1.5207e+04            1415.1735  1356.4600   1373.5300                3   3.0097   0.0120  AQUA4SWATH_HMLangeA
88                   17      0 -8670811102654834151  napedro_L120420_010_SW.mzXML.gz  1592.510  1372.8165  219.6935  -2.5600       -9.1     6.5400  2672854510299658289    SWATGSPDSSNR    SWATGSPDSSNR(UniMod:267)       2  637.7854    29108.0           1.6351e+04            2457.5838  1574.9600   1619.3400                4   0.3003   0.4029  AQUA4SWATH_HMLangeA
89                   17      0 -8670811102654834151  napedro_L120420_010_SW.mzXML.gz  1540.540  1372.8199  167.7201  -4.0670       -9.1     5.0330  3995832705891706304    SWATGSPDSSNR    SWATGSPDSSNR(UniMod:267)       2  637.7854     4037.0           2.1637e+04            2078.7058  1520.3400   1554.4700                5  -0.4900   0.5337  AQUA4SWATH_HMLangeA
90                   18      0 -8670811102654834151  napedro_L120420_010_SW.mzXML.gz  1585.490  1541.1199   44.3701  -2.7636       -4.2     1.4364  7031457086089910425     VAGDQTSAVLR     VAGDQTSAVLR(UniMod:267)       2  563.8082   393441.0           1.5900e+06          464430.9827  1571.2400   1598.5500                1   5.7134   0.0033  AQUA4SWATH_HMLangeA
91                   18      0 -8670811102654834151  napedro_L120420_010_SW.mzXML.gz  1497.120  1541.1194  -43.9994  -5.3260       -4.2    -1.1260  1756053292522475389     VAGDQTSAVLR     VAGDQTSAVLR(UniMod:267)       2  563.8082     4993.0           4.3162e+04            6442.4194  1479.0601   1513.2000                2   2.3312   0.0210  AQUA4SWATH_HMLangeA
92                   18      0 -8670811102654834151  napedro_L120420_010_SW.mzXML.gz  1660.520  1541.1141  119.4059  -0.5879       -4.2     3.6121  7130096974348671060     VAGDQTSAVLR     VAGDQTSAVLR(UniMod:267)       2  563.8082     9220.0           4.0668e+04            2618.1128  1646.3400   1683.9000                3   0.3590   0.4029  AQUA4SWATH_HMLangeA
93                   18      0 -8670811102654834151  napedro_L120420_010_SW.mzXML.gz  1831.890  1541.1143  290.7757   4.3812       -4.2     8.5812 -4262308502611531352     VAGDQTSAVLR     VAGDQTSAVLR(UniMod:267)       2  563.8082     2409.0           1.2901e+04            1711.9921  1823.8700   1840.9399                4  -0.7988   0.5337  AQUA4SWATH_HMLangeA
94                   18      0 -8670811102654834151  napedro_L120420_010_SW.mzXML.gz  1542.200  1541.1153    1.0847  -4.0187       -4.2     0.1813 -3242689829518262873     VAGDQTSAVLR     VAGDQTSAVLR(UniMod:267)       2  563.8082     5828.0           2.2885e+04            2420.8152  1526.8600   1554.1700                5  -1.8674   0.5337  AQUA4SWATH_HMLangeA
95                   19      0 -8670811102654834151  napedro_L120420_010_SW.mzXML.gz  2230.180  2245.2318  -15.0518  15.9300       16.3    -0.3700  6870255268859409918      VYVYAVDQTR      VYVYAVDQTR(UniMod:267)       2  612.3184   597887.0           1.1925e+06          269150.5777  2213.2600   2247.3999                1   5.7206   0.0033  AQUA4SWATH_HMLangeA
96                   19      0 -8670811102654834151  napedro_L120420_010_SW.mzXML.gz  2120.970  2245.2373 -124.2673  12.7632       16.3    -3.5368  -610141049182829192      VYVYAVDQTR      VYVYAVDQTR(UniMod:267)       2  612.3184    20746.0           8.5677e+04           10568.0806  2100.6001   2141.5701                2   0.4516   0.2625  AQUA4SWATH_HMLangeA
97                   19      0 -8670811102654834151  napedro_L120420_010_SW.mzXML.gz  2317.380  2245.2345   72.1455  18.4584       16.3     2.1584  6262215160571261022      VYVYAVDQTR      VYVYAVDQTR(UniMod:267)       2  612.3184    16553.0           8.9588e+04            9656.7598  2302.0200   2332.7400                3   0.3519   0.4029  AQUA4SWATH_HMLangeA
98                   19      0 -8670811102654834151  napedro_L120420_010_SW.mzXML.gz  2291.530  2245.2345   46.2955  17.7088       16.3     1.4088  2043199813358518344      VYVYAVDQTR      VYVYAVDQTR(UniMod:267)       2  612.3184    48058.0           7.5465e+04            6480.8607  2267.8799   2298.6101                4   0.0127   0.5337  AQUA4SWATH_HMLangeA
99                   19      0 -8670811102654834151  napedro_L120420_010_SW.mzXML.gz  2538.150  2245.2307  292.9193  24.8599       16.3     8.5599 -5430403952310232561      VYVYAVDQTR      VYVYAVDQTR(UniMod:267)       2  612.3184    10959.0           5.6554e+04           10810.2698  2520.5100   2544.4099                5  -1.8609   0.5337  AQUA4SWATH_HMLangeA
