96259
             feature_id  ms1_precursor_pep  ms2_peakgroup_pep  ms2_precursor_pep
0  -9078977811506172301             0.0064             0.0031             0.0987
1  -9059007664292712863             1.0000             0.3623                NaN
2  -9009602369958523731             0.0064             0.0031             0.4406
3  -8990894093332793487             0.0064             0.0031             0.0461
4  -8915955323477460297             0.0064             0.0031             0.0089
..                  ...                ...                ...                ...
95 -4539808410625597778             0.0064             0.0031             0.0461
96 -4495976808403190115             0.0064             0.0031             0.0227
97 -4474179539802460946             0.0064             0.0031             0.0089
98 -4409520928686189639             0.0064             0.0031             0.1061
99 -4399716566495748799             0.0064             0.0031                NaN

[100 rows x 4 columns]
96259
             feature_id  ms1_precursor_pep  ms2_peakgroup_pep  ms2_precursor_pep
0  -9078977811506172301             0.0064             0.0031             0.0987
1  -9059007664292712863             1.0000             0.3623                NaN
2  -9009602369958523731             0.0064             0.0031             0.4406
3  -8990894093332793487             0.0064             0.0031             0.0461
4  -8915955323477460297             0.0064             0.0031             0.0089
..                  ...                ...                ...                ...
95 -4539808410625597778             0.0064             0.0031             0.0461
96 -4495976808403190115             0.0064             0.0031             0.0227
97 -4474179539802460946             0.0064             0.0031             0.0089
98 -4409520928686189639             0.0064             0.0031             0.1061
99 -4399716566495748799             0.0064             0.0031                NaN

[100 rows x 4 columns]
