Precursor Data:
             feature_id  ms1_precursor_pep  ms2_peakgroup_pep  ms2_precursor_pep
0  -4409520928686189639             0.0003             0.0031             0.0063
1  -7771919224870429764             0.0003             0.0031             0.0007
2  -1732939685941081620             0.0003             0.0031             0.0007
3  -7157712673420189723             0.0003             0.0031             0.0133
4    909047282828920049             0.0003             0.0031             0.0147
..                  ...                ...                ...                ...
95  6840593155190879143             0.0003             0.0031             0.0017
96 -6764315401363298084             0.0003             0.0031             0.0007
97  8943629340769664660             1.0000             0.0225             0.0121
98 -6034887541083502974             0.0003             0.0031             0.0017
99  7291105701317857435             0.0261             0.0031             0.0541

[100 rows x 4 columns]
Transition Data:
    bmask           feature_id  num_peptidoforms     pep  peptide_id  transition_id
0     1.0 -9078977811506172301                 1  0.0075         305           3275
1     0.0 -9078977811506172301                 1  0.0075          -1           3275
2     1.0 -9078977811506172301                 1  0.0133         305           3276
3     0.0 -9078977811506172301                 1  0.0133          -1           3276
4     1.0 -9078977811506172301                 1  0.0048         305           3277
..    ...                  ...               ...     ...         ...            ...
95    0.0 -8858715981476206597                 1  0.0017          -1           7986
96    1.0 -8858715981476206597                 1  0.0017         862           7990
97    0.0 -8858715981476206597                 1  0.0017          -1           7990
98    1.0 -8858715981476206597                 1  0.0007         862           7991
99    0.0 -8858715981476206597                 1  0.0007          -1           7991

[100 rows x 6 columns]
IPF Data:
             feature_id  pep  peptide_id  precursor_peakgroup_pep  qvalue
0  -9078977811506172301  0.0         305               7.2449e-09     0.0
1  -9009602369958523731  0.0         309               6.4212e-08     0.0
2  -8990894093332793487  0.0        1169               7.2449e-09     0.0
3  -8915955323477460297  0.0        1214               1.1667e-08     0.0
4  -8858715981476206597  0.0         862               7.0822e-10     0.0
..                  ...  ...         ...                      ...     ...
95 -3196707605593292319  0.0        1355               6.0432e-09     0.0
96 -3129995828656718688  0.0         590               4.6346e-09     0.0
97 -3096050638984928024  0.0        1365               1.5983e-09     0.0
98 -2959420398616195477  0.0        1254               8.3354e-09     0.0
99 -2912234918591861719  0.0        1029               7.0822e-10     0.0

[100 rows x 5 columns]
