Precursor Data:
              feature_id  ms2_peakgroup_pep  ms1_precursor_pep  ms2_precursor_pep
0   -9078977811506172301             0.0031               <NA>             0.0075
1   -9059007664292712863             0.3623               <NA>                NaN
2   -9009602369958523731             0.0031               <NA>             0.0630
3   -8990894093332793487             0.0031               <NA>             0.0075
4   -8915955323477460297             0.0031               <NA>             0.0121
..                   ...                ...                ...                ...
95  -4539808410625597778             0.0031               <NA>             0.0121
96  -4495976808403190115             0.0031               <NA>             0.0007
97  -4474179539802460946             0.0031               <NA>             0.0048
98  -4409520928686189639             0.0031               <NA>             0.0063
99  -4399716566495748799             0.0031               <NA>                NaN

[100 rows x 4 columns]
Transition Data:
              feature_id  transition_id     pep  peptide_id  bmask  num_peptidoforms
0   -9078977811506172301           3275  0.0075          -1    0.0                 1
1   -9078977811506172301           3275  0.0075         305    1.0                 1
2   -9078977811506172301           3276  0.0133          -1    0.0                 1
3   -9078977811506172301           3276  0.0133         305    1.0                 1
4   -9078977811506172301           3277  0.0048          -1    0.0                 1
..                   ...            ...     ...         ...    ...               ...
95  -8858715981476206597           7986  0.0017         862    1.0                 1
96  -8858715981476206597           7990  0.0017          -1    0.0                 1
97  -8858715981476206597           7990  0.0017         862    1.0                 1
98  -8858715981476206597           7991  0.0007          -1    0.0                 1
99  -8858715981476206597           7991  0.0007         862    1.0                 1

[100 rows x 6 columns]
IPF Data:
              feature_id  peptide_id  precursor_peakgroup_pep  qvalue  pep
0   -9211032279639747263         976                      NaN     NaN  NaN
1   -9209834744278112856        1157                      NaN     NaN  NaN
2   -9204568338203974043          76                      NaN     NaN  NaN
3   -9202066408251325127         547                      NaN     NaN  NaN
4   -9194114845888269381         562                      NaN     NaN  NaN
..                   ...         ...                      ...     ...  ...
95  -8647629181891982027         661                      NaN     NaN  NaN
96  -8646966398648626586         529                      NaN     NaN  NaN
97  -8646066421910515352         431               1.5286e-05     0.0  0.0
98  -8638785506020691374         409                      NaN     NaN  NaN
99  -8630914225771744781         578                      NaN     NaN  NaN

[100 rows x 5 columns]
