    Charge             FullPeptideName  Intensity          ProteinName       RT        Sequence  aggr_prec_Peak_Apex  aggr_prec_Peak_Area  assay_iRT   assay_rt  d_score  decoy  delta_iRT  delta_rt                         filename      iRT                   id  leftWidth  m_score  m_score_peptide_experiment_wide  m_score_peptide_global  m_score_peptide_run_specific        mz  peak_group_rank  rightWidth               run_id  transition_group_id
0        2  ADSTGTLVITDPTR(UniMod:267)   207283.0  AQUA4SWATH_HMLangeA  2661.55  ADSTGTLVITDPTR          117220.7482            854645.00       26.5  2595.5788   5.7301      0     1.9379   65.9712  napedro_L120420_010_SW.mzXML.gz  28.4379 -4409520928686189639  2640.5100   0.0033                           0.0033                  0.0033                        0.0033  728.8795                1   2705.3701 -8670811102654834151                    0
1        2  ADSTGTLVITDPTR(UniMod:267)     6385.0  AQUA4SWATH_HMLangeA  2605.74  ADSTGTLVITDPTR            8790.7812            104006.00       26.5  2595.5733   1.2404      0     0.3198   10.1667  napedro_L120420_010_SW.mzXML.gz  26.8198   260819276075322832  2575.6399   0.0685                           0.0033                  0.0033                        0.0033  728.8795                2   2623.4399 -8670811102654834151                    0
2        2  ADSTGTLVITDPTR(UniMod:267)     3838.0  AQUA4SWATH_HMLangeA  2708.53  ADSTGTLVITDPTR            5750.4716             73215.20       26.5  2595.5750   0.8151      0     3.3002  112.9550  napedro_L120420_010_SW.mzXML.gz  29.8002  8534214264242363560  2705.3701   0.2018                           0.0033                  0.0033                        0.0033  728.8795                3   2736.0901 -8670811102654834151                    0
3        2  ADSTGTLVITDPTR(UniMod:267)     2693.0  AQUA4SWATH_HMLangeA  2795.06  ADSTGTLVITDPTR            4036.5600             25862.30       26.5  2595.5754   0.6777      0     5.8092  199.4846  napedro_L120420_010_SW.mzXML.gz  32.3092  6932937885234622359  2790.7200   0.2018                           0.0033                  0.0033                        0.0033  728.8795                4   2811.2000 -8670811102654834151                    0
4        2  ADSTGTLVITDPTR(UniMod:267)     5180.0  AQUA4SWATH_HMLangeA  2832.77  ADSTGTLVITDPTR           10419.7435            241873.00       26.5  2595.5778  -0.1013      0     6.9026  237.1922  napedro_L120420_010_SW.mzXML.gz  33.4026  5163914660633416481  2811.2000   0.4692                           0.0033                  0.0033                        0.0033  728.8795                5   2855.5801 -8670811102654834151                    0
..     ...                         ...        ...                  ...      ...             ...                  ...                  ...        ...        ...      ...    ...        ...       ...                              ...      ...                  ...        ...      ...                              ...                     ...                           ...       ...              ...         ...                  ...                  ...
95       2  YTSDPDVTSVGPSK(UniMod:259)   230755.0  AQUA4SWATH_HMLangeA  1802.63  YTSDPDVTSVGPSK          194786.2681            924585.00        1.5  1736.8945   5.6930      0     2.0327   65.7355  napedro_L120420_010_SW.mzXML.gz   3.5327  6243564357659176748  1787.0300   0.0033                           0.0033                  0.0033                        0.0033  730.8534                1   1821.1700 -8670811102654834151                   20
96       2  YTSDPDVTSVGPSK(UniMod:259)     4683.0  AQUA4SWATH_HMLangeA  1727.20  YTSDPDVTSVGPSK            2721.4443             21561.90        1.5  1736.8978   3.6145      0    -0.1546   -9.6978  napedro_L120420_010_SW.mzXML.gz   1.3454  8621961886436053858  1711.9200   0.0091                           0.0033                  0.0033                        0.0033  730.8534                2   1749.4700 -8670811102654834151                   20
97       2  YTSDPDVTSVGPSK(UniMod:259)     2042.0  AQUA4SWATH_HMLangeA  1846.77  YTSDPDVTSVGPSK             670.7683              6339.12        1.5  1736.8956   0.4186      0     3.3126  109.8744  napedro_L120420_010_SW.mzXML.gz   4.8126 -5596989166542619604  1834.8199   0.2507                           0.0033                  0.0033                        0.0033  730.8534                3   1858.7200 -8670811102654834151                   20
98       2  YTSDPDVTSVGPSK(UniMod:259)     1801.0  AQUA4SWATH_HMLangeA  1657.80  YTSDPDVTSVGPSK            1076.2317              4819.60        1.5  1736.8914   0.2832      0    -2.1667  -79.0914  napedro_L120420_010_SW.mzXML.gz  -0.6667 -2650714328790198942  1653.8800   0.4000                           0.0033                  0.0033                        0.0033  730.8534                4   1681.2000 -8670811102654834151                   20
99       2  YTSDPDVTSVGPSK(UniMod:259)    32774.0  AQUA4SWATH_HMLangeA  1930.69  YTSDPDVTSVGPSK           76935.7696            571655.00        1.5  1736.8936  -5.7742      0     5.7460  193.7964  napedro_L120420_010_SW.mzXML.gz   7.2460  9040480247797844482  1906.5100   0.4692                           0.0033                  0.0033                        0.0033  730.8534                5   1971.3800 -8670811102654834151                   20

[100 rows x 27 columns]
