Protein Data:
   context run_id  protein_id   score  pvalue  qvalue     pep
0   global   None           0  5.8401  0.0625  0.0625  0.3674
1   global   None           1  5.9765  0.0625  0.0625  0.3674
2   global   None           2  5.8995  0.0625  0.0625  0.3674
3   global   None           3  5.8824  0.0625  0.0625  0.3674
4   global   None           4  5.8600  0.0625  0.0625  0.3674
5   global   None           5  5.8587  0.0625  0.0625  0.3674
6   global   None           6  5.7515  0.0625  0.0625  0.3674
7   global   None           7  5.8338  0.0625  0.0625  0.3674
8   global   None           8  5.9861  0.0625  0.0625  0.3674
9   global   None           9  6.0052  0.0625  0.0625  0.3674
10  global   None          10  5.8290  0.0625  0.0625  0.3674
11  global   None          11  5.8485  0.0625  0.0625  0.3674
12  global   None          12  5.9529  0.0625  0.0625  0.3674
13  global   None          13  5.9682  0.0625  0.0625  0.3674
14  global   None          14  5.6069  0.0625  0.0625  0.3674
15  global   None          15  5.9295  0.0625  0.0625  0.3674
16  global   None          16  0.9266  0.0625  0.0625  0.3674
17  global   None          17  2.3906  0.0625  0.0625  0.3674
18  global   None          18  1.6554  0.0625  0.0625  0.3674
19  global   None          19  2.0251  0.0625  0.0625  0.3674
20  global   None          20  1.3329  0.0625  0.0625  0.3674
21  global   None          21  1.5227  0.0625  0.0625  0.3674
22  global   None          22  0.7471  0.0625  0.0625  0.3674
23  global   None          23  0.7306  0.0625  0.0625  0.3674
24  global   None          24  2.0202  0.0625  0.0625  0.3674
25  global   None          25  1.3888  0.0625  0.0625  0.3674
26  global   None          26  4.5483  0.0625  0.0625  0.3674
27  global   None          27  2.3784  0.0625  0.0625  0.3674
28  global   None          28  4.4832  0.0625  0.0625  0.3674
29  global   None          29  1.6475  0.0625  0.0625  0.3674
30  global   None          30  2.8909  0.0625  0.0625  0.3674
31  global   None          31  1.9599  0.0625  0.0625  0.3674
