Precursor Data:
             feature_id  ms1_precursor_pep  ms2_peakgroup_pep  ms2_precursor_pep
0  -4409520928686189639               <NA>             0.0031             0.0063
1  -7771919224870429764               <NA>             0.0031             0.0007
2  -1732939685941081620               <NA>             0.0031             0.0007
3  -7157712673420189723               <NA>             0.0031             0.0133
4    909047282828920049               <NA>             0.0031             0.0147
..                  ...                ...                ...                ...
95 -6764315401363298084               <NA>             0.0031             0.0007
96  8943629340769664660               <NA>             0.0225             0.0121
97 -6034887541083502974               <NA>             0.0031             0.0017
98  7291105701317857435               <NA>             0.0031             0.0541
99   237580321205345393               <NA>             0.0031             0.0075

[100 rows x 4 columns]
Transition Data:
    bmask           feature_id  num_peptidoforms     pep  peptide_id  transition_id
0     1.0 -9078977811506172301                 1  0.0075         305           3275
1     0.0 -9078977811506172301                 1  0.0075          -1           3275
2     1.0 -9078977811506172301                 1  0.0133         305           3276
3     0.0 -9078977811506172301                 1  0.0133          -1           3276
4     1.0 -9078977811506172301                 1  0.0048         305           3277
..    ...                  ...               ...     ...         ...            ...
95    0.0 -8858715981476206597                 1  0.0017          -1           7986
96    1.0 -8858715981476206597                 1  0.0017         862           7990
97    0.0 -8858715981476206597                 1  0.0017          -1           7990
98    1.0 -8858715981476206597                 1  0.0007         862           7991
99    0.0 -8858715981476206597                 1  0.0007          -1           7991

[100 rows x 6 columns]
IPF Data:
             feature_id  pep  peptide_id  precursor_peakgroup_pep  qvalue
0  -9078977811506172301  0.0         305               2.3908e-05     0.0
1  -9009602369958523731  0.0         309               2.1186e-04     0.0
2  -8990894093332793487  0.0        1169               2.3908e-05     0.0
3  -8915955323477460297  0.0        1214               3.8501e-05     0.0
4  -8858715981476206597  0.0         862               2.3372e-06     0.0
..                  ...  ...         ...                      ...     ...
95 -3196707605593292319  0.0        1355               1.9943e-05     0.0
96 -3129995828656718688  0.0         590               1.5294e-05     0.0
97 -3096050638984928024  0.0        1365               5.2745e-06     0.0
98 -2959420398616195477  0.0        1254               2.7507e-05     0.0
99 -2912234918591861719  0.0        1029               2.3372e-06     0.0

[100 rows x 5 columns]
